C51 COMPILER V9.52.0.0   MAIN                                                              05/18/2017 17:39:00 PAGE 1   


C51 COMPILER V9.52.0.0, COMPILATION OF MODULE MAIN
OBJECT MODULE PLACED IN main.OBJ
COMPILER INVOKED BY: C:\Keil\C51\BIN\C51.EXE main.c LARGE BROWSE DEBUG OBJECTEXTEND TABS(2)

line level    source

   1          #include "c8051F020.h"
   2          #include "CFG_UART0.h"
   3          #include "CFG_GPIO.h"
   4          #include "CFG_Timer3.h"
   5          #include "parseur.h"
   6          #include "Detec_Obstacle.h"
   7          #include "detection.h"
   8          
   9          #include "CFG_Timer1.h"
  10          #include "CFG_SPI_master.h"
  11          #include "SPI_Master.h"
  12          #include "CMD_Servomoteur.h"
  13          
  14          #include <string.h>
  15          
  16          #include "CFG_UART1.h"
  17          #include "CFG_TIMER4.h"
  18          #include "Putchar_Getchar.h"
  19          
  20          //#include "detection.h"
  21          
  22          
  23          void Reset_Init(void) //Initialisation des resets
  24          {
  25   1        EA = 0; //Désactivation des interruptions
  26   1        WDTCN = 0xDE; //Désactivation du Watchdog;
  27   1        WDTCN = 0xAD;
  28   1        EA = 1; //On remet les interruptions;
  29   1      }
  30          
  31          void CFG_Sysclk(void) //Initialisation de l'horloge du systeme
  32          {
  33   1        int i;
  34   1        OSCXCN = 0x67; //On a des quartz de fréquence f>6.7Mhz
  35   1        for(i=0; i<3000; i++); //Attente d'une 1ms minimum
  36   1        while((OSCXCN & 0x80)==0); //Attente de la stabilisation du quartz
  37   1        OSCICN = 0x08; //On réoriente l'horloge interne vers l'horloge exterxne.
  38   1      }
  39          
  40          void Port_IO_Init(void)  // Initialisation des ports d'entrée sortie
  41          { 
  42   1          P1MDOUT   = 0x07;
  43   1          XBR0      = 0x1E;
  44   1        
  45   1          XBR1      = 0xAA;
  46   1          XBR2      = 0x4C;
  47   1      
  48   1      }
  49          
  50          void Init_Device (void) //Initialisation du microcontroleur
  51          {
  52   1        Reset_Init();       // Appel des différentes fonctions pour l'initialisation du microcontroleur
  53   1        
  54   1        CFG_Sysclk();               
  55   1        Config_GPIO();
C51 COMPILER V9.52.0.0   MAIN                                                              05/18/2017 17:39:00 PAGE 2   

  56   1        Config_Timer1();
  57   1        Config_Timer3();
  58   1      //  Config_Timer2();  
  59   1        config_timer4();
  60   1        //config_INT6();
  61   1        Config_UART0();
  62   1        Config_PCA0();
  63   1        FO_M4_init();
  64   1        Port_IO_Init();
  65   1        config_spi_master();
  66   1        config_uart1();
  67   1      
  68   1        init_struct();
  69   1          
  70   1      }
  71          
  72          
  73          
  74          void main(void)
  75          {
  76   1      
  77   1        Init_Device();
  78   1          
  79   1        while(1)
  80   1        {
  81   2           //envoi_trame(c,taille);
  82   2                  //taille=strlen(c);
  83   2                  //envoi_trame(c,taille);
  84   2              reception_commande();
  85   2      
  86   2        }
  87   1      }


MODULE INFORMATION:   STATIC OVERLAYABLE
   CODE SIZE        =     97    ----
   CONSTANT SIZE    =   ----    ----
   XDATA SIZE       =   ----    ----
   PDATA SIZE       =   ----    ----
   DATA SIZE        =   ----    ----
   IDATA SIZE       =   ----    ----
   BIT SIZE         =   ----    ----
END OF MODULE INFORMATION.


C51 COMPILATION COMPLETE.  0 WARNING(S),  0 ERROR(S)
