BL51 BANKED LINKER/LOCATER V6.22                                                        05/18/2017  17:39:01  PAGE 1


BL51 BANKED LINKER/LOCATER V6.22, INVOKED BY:
C:\KEIL\C51\BIN\BL51.EXE STARTUP.obj, parseur.obj, CMD_Servomoteur.obj, Putchar_Getchar.obj, Detec_Obstacle.obj, CFG_GPI
>> O.obj, CFG_Timer1.obj, CFG_UART0.obj, CFG_SPI_master.obj, SPI_Master.obj, bsscanf.obj, CFG_Timer3.obj, CFG_TIMER4.obj
>> , CFG_UART1.obj, detection.obj, EncodageM2.obj, main.obj TO projet RAMSIZE (256)


MEMORY MODEL: LARGE WITH FLOATING POINT ARITHMETIC


INPUT MODULES INCLUDED:
  STARTUP.obj (?C_STARTUP)
  parseur.obj (PARSEUR)
  CMD_Servomoteur.obj (CMD_SERVOMOTEUR)
  Putchar_Getchar.obj (PUTCHAR_GETCHAR)
  Detec_Obstacle.obj (DETEC_OBSTACLE)
  CFG_GPIO.obj (CFG_GPIO)
  CFG_Timer1.obj (CFG_TIMER1)
  CFG_UART0.obj (CFG_UART0)
  CFG_SPI_master.obj (CFG_SPI_MASTER)
  SPI_Master.obj (SPI_MASTER)
  bsscanf.obj (BSSCANF)
  CFG_Timer3.obj (CFG_TIMER3)
  CFG_TIMER4.obj (CFG_TIMER4)
  CFG_UART1.obj (CFG_UART1)
  detection.obj (DETECTION)
  EncodageM2.obj (ENCODAGEM2)
  main.obj (MAIN)
  C:\KEIL\C51\LIB\C51FPL.LIB (?C?FPMUL)
  C:\KEIL\C51\LIB\C51FPL.LIB (?C?FPDIV)
  C:\KEIL\C51\LIB\C51FPL.LIB (?C?FCAST)
  C:\KEIL\C51\LIB\C51FPL.LIB (?C?CASTF)
  C:\KEIL\C51\LIB\C51FPL.LIB (PRINTF)
  C:\KEIL\C51\LIB\C51FPL.LIB (SCANF)
  C:\KEIL\C51\LIB\C51FPL.LIB (?C?FPGETOPN)
  C:\KEIL\C51\LIB\C51FPL.LIB (?C?FPROUND)
  C:\KEIL\C51\LIB\C51FPL.LIB (?C?FPCONVERT)
  C:\KEIL\C51\LIB\C51FPL.LIB (?C?ATOF)
  C:\KEIL\C51\LIB\C51FPL.LIB (?C?FPADD)
  C:\KEIL\C51\LIB\C51FPL.LIB (?C?FPNEG)
  C:\KEIL\C51\LIB\C51FPL.LIB (?C?FTNPWR)
  C:\KEIL\C51\LIB\C51L.LIB (?C_INIT)
  C:\KEIL\C51\LIB\C51L.LIB (?C?COPY)
  C:\KEIL\C51\LIB\C51L.LIB (?C?CLDPTR)
  C:\KEIL\C51\LIB\C51L.LIB (?C?CLDOPTR)
  C:\KEIL\C51\LIB\C51L.LIB (?C?CILDPTR)
  C:\KEIL\C51\LIB\C51L.LIB (?C?CSTPTR)
  C:\KEIL\C51\LIB\C51L.LIB (?C?CSTOPTR)
  C:\KEIL\C51\LIB\C51L.LIB (?C?IMUL)
  C:\KEIL\C51\LIB\C51L.LIB (?C?UIDIV)
  C:\KEIL\C51\LIB\C51L.LIB (?C?SIDIV)
  C:\KEIL\C51\LIB\C51L.LIB (?C?IILDX)
  C:\KEIL\C51\LIB\C51L.LIB (?C?ILDOPTR)
  C:\KEIL\C51\LIB\C51L.LIB (?C?ISTPTR)
  C:\KEIL\C51\LIB\C51L.LIB (?C?ISTOPTR)
  C:\KEIL\C51\LIB\C51L.LIB (?C?LMUL)
  C:\KEIL\C51\LIB\C51L.LIB (?C?SLDIV)
  C:\KEIL\C51\LIB\C51L.LIB (?C?LNEG)
  C:\KEIL\C51\LIB\C51L.LIB (?C?SLSHR)
BL51 BANKED LINKER/LOCATER V6.22                                                      05/18/2017  17:39:01  PAGE 2


  C:\KEIL\C51\LIB\C51L.LIB (?C?LSTPTR)
  C:\KEIL\C51\LIB\C51L.LIB (?C?LSTXDATA)
  C:\KEIL\C51\LIB\C51L.LIB (?C?LSTKXDATA)
  C:\KEIL\C51\LIB\C51L.LIB (?C?PLDXDATA)
  C:\KEIL\C51\LIB\C51L.LIB (?C?PLDIXDATA)
  C:\KEIL\C51\LIB\C51L.LIB (?C?PILDXDATA)
  C:\KEIL\C51\LIB\C51L.LIB (?C?PSTXDATA)
  C:\KEIL\C51\LIB\C51L.LIB (?C?PLDPTR)
  C:\KEIL\C51\LIB\C51L.LIB (?C?CCASE)
  C:\KEIL\C51\LIB\C51L.LIB (GETCHAR)
  C:\KEIL\C51\LIB\C51L.LIB (UNGETC)
  C:\KEIL\C51\LIB\C51L.LIB (ISSPACE)
  C:\KEIL\C51\LIB\C51L.LIB (ABS)
  C:\KEIL\C51\LIB\C51L.LIB (?C?STRCMP)
  C:\KEIL\C51\LIB\C51L.LIB (?C?STRCPY)
  C:\KEIL\C51\LIB\C51L.LIB (?C?ULDIV)
  C:\KEIL\C51\LIB\C51L.LIB (?C?LSTIDATA)
  C:\KEIL\C51\LIB\C51L.LIB (?C?LSTPDATA)
  C:\KEIL\C51\LIB\C51L.LIB (?C?PLDIDATA)
  C:\KEIL\C51\LIB\C51L.LIB (?C?PLDPDATA)
  C:\KEIL\C51\LIB\C51L.LIB (?C?PLDCODE)
  C:\KEIL\C51\LIB\C51L.LIB (_GETKEY)


LINK MAP OF MODULE:  projet (?C_STARTUP)


            TYPE    BASE      LENGTH    RELOCATION   SEGMENT NAME
            -----------------------------------------------------

            * * * * * * *   D A T A   M E M O R Y   * * * * * * *
            REG     0000H     0008H     ABSOLUTE     "REG BANK 0"
            DATA    0008H     000BH     UNIT         _DATA_GROUP_
                    0013H     000DH                  *** GAP ***
            BIT     0020H.0   0001H.3   UNIT         _BIT_GROUP_
            BIT     0021H.3   0000H.1   UNIT         ?BI?GETCHAR
                    0021H.4   0000H.4                *** GAP ***
            IDATA   0022H     0001H     UNIT         ?STACK

            * * * * * * *  X D A T A   M E M O R Y  * * * * * * *
            XDATA   0000H     030FH     UNIT         _XDATA_GROUP_
            XDATA   030FH     00A5H     UNIT         ?XD?PARSEUR
            XDATA   03B4H     0032H     UNIT         ?XD?DEPL_COORD_OBS?PARSEUR
            XDATA   03E6H     001AH     UNIT         ?XD?_BSSCANF?BSSCANF
            XDATA   0400H     0009H     UNIT         ?XD?_CMD_SERVO_V?CMD_SERVOMOTEUR
            XDATA   0409H     0008H     UNIT         ?XD?DETEC_OBSTACLE
            XDATA   0411H     0004H     UNIT         ?XD?_PUISSANCE?BSSCANF
            XDATA   0415H     0002H     UNIT         ?XD?_TEMPO_SERVO?CMD_SERVOMOTEUR
            XDATA   0417H     0002H     UNIT         ?XD?CMD_SERVOMOTEUR
            XDATA   0419H     0001H     UNIT         ?XD?CFG_TIMER3
            XDATA   041AH     0001H     UNIT         ?XD?ENCODAGEM2
            XDATA   041BH     0001H     UNIT         ?XD?GETCHAR

            * * * * * * *   C O D E   M E M O R Y   * * * * * * *
            CODE    0000H     0003H     ABSOLUTE     
            CODE    0003H     0067H     UNIT         ?PR?LUMIERE?PARSEUR
            CODE    006AH     0008H     UNIT         ?PR?MAIN?MAIN
BL51 BANKED LINKER/LOCATER V6.22                                                      05/18/2017  17:39:01  PAGE 3


                    0072H     0001H                  *** GAP ***
            CODE    0073H     0003H     ABSOLUTE     
            CODE    0076H     001DH     UNIT         ?PR?STOP?PARSEUR
            CODE    0093H     0003H     ABSOLUTE     
            CODE    0096H     0004H     UNIT         ?PR?CONFIG_P3_FO_M4?DETEC_OBSTACLE
                    009AH     0001H                  *** GAP ***
            CODE    009BH     0003H     ABSOLUTE     
            CODE    009EH     0CBFH     UNIT         ?C?LIB_CODE
            CODE    0D5DH     05BBH     UNIT         ?PR?DEPL_COORD_OBS?PARSEUR
            CODE    1318H     0483H     UNIT         ?PR?PRINTF?PRINTF
            CODE    179BH     0383H     UNIT         ?PR?_BSSCANF?BSSCANF
            CODE    1B1EH     035AH     UNIT         ?PR?SCANF?SCANF
            CODE    1E78H     028BH     UNIT         ?PR?ENCODE?ENCODAGEM2
            CODE    2103H     0269H     UNIT         ?PR?ACTIONCOMMANDE?PARSEUR
            CODE    236CH     023EH     UNIT         ?PR?DETECTION_OBSTACLES?DETECTION
            CODE    25AAH     0239H     UNIT         ?PR?RESULTAT_OBSTACLES?PARSEUR
            CODE    27E3H     01DAH     UNIT         ?PR?DEPLACEMENT_COORD?PARSEUR
            CODE    29BDH     01D9H     UNIT         ?PR?MOUVEMENT?ENCODAGEM2
            CODE    2B96H     01B3H     UNIT         ?CO?PARSEUR
            CODE    2D49H     0198H     UNIT         ?PR?_DECODE?ENCODAGEM2
            CODE    2EE1H     0153H     UNIT         ?PR?CHOIX_ROTATION?PARSEUR
            CODE    3034H     0149H     UNIT         ?CO?ENCODAGEM2
            CODE    317DH     00F3H     UNIT         ?PR?SERVOMOTEUR?PARSEUR
            CODE    3270H     00E6H     UNIT         ?PR??C?ATOF??C?ATOF
            CODE    3356H     00BCH     UNIT         ?PR?MOB?PARSEUR
            CODE    3412H     00AEH     UNIT         ?PR?_CMD_SERVO_H?CMD_SERVOMOTEUR
            CODE    34C0H     00A4H     UNIT         ?PR?DEBUT_EPREUVE?PARSEUR
            CODE    3564H     00A4H     UNIT         ?PR?ISR__EXT_INT6_FO_M4?DETEC_OBSTACLE
            CODE    3608H     00A4H     UNIT         ?PR?ISR__EXT_INT7_FO_M4?DETEC_OBSTACLE
            CODE    36ACH     0094H     UNIT         ?PR?ROTATION_RA?PARSEUR
            CODE    3740H     008CH     UNIT         ?C_C51STARTUP
            CODE    37CCH     0084H     UNIT         ?PR?RECULER?PARSEUR
            CODE    3850H     0083H     UNIT         ?PR?AVANCER?PARSEUR
            CODE    38D3H     0081H     UNIT         ?PR?ENVOYERSTRUCT?ENCODAGEM2
            CODE    3954H     0064H     UNIT         ?PR?CONFIG_PCA0?CMD_SERVOMOTEUR
            CODE    39B8H     005FH     UNIT         ?PR?_CMD_SERVO_V?CMD_SERVOMOTEUR
            CODE    3A17H     005DH     UNIT         ?PR?MES_DIST_AV?DETEC_OBSTACLE
            CODE    3A74H     005DH     UNIT         ?PR?MES_DIST_AR?DETEC_OBSTACLE
            CODE    3AD1H     005DH     UNIT         ?PR?_ENVOI_TRAME?SPI_MASTER
            CODE    3B2EH     0052H     UNIT         ?PR?_PUISSANCE?BSSCANF
            CODE    3B80H     004BH     UNIT         ?PR?RECEPTION_COMMANDE?PARSEUR
            CODE    3BCBH     0044H     UNIT         ?C?LDIV
            CODE    3C0FH     003CH     UNIT         ?C_INITSEG
            CODE    3C4BH     0037H     UNIT         ?PR?_PUTCHAR?PUTCHAR_GETCHAR
            CODE    3C82H     0034H     UNIT         ?PR?_SEND_STRING?PUTCHAR_GETCHAR
            CODE    3CB6H     0030H     UNIT         ?PR?GETREPONSE?ENCODAGEM2
            CODE    3CE6H     002EH     UNIT         ?PR?_TEMPO_SERVO?CMD_SERVOMOTEUR
            CODE    3D14H     002CH     UNIT         ?PR?_GETCHAR?PUTCHAR_GETCHAR
            CODE    3D40H     002BH     UNIT         ?PR?DETECT?PARSEUR
            CODE    3D6BH     0028H     UNIT         ?PR?_RETOUR?PARSEUR
            CODE    3D93H     0027H     UNIT         ?PR?_PUTCHAR_SPI?SPI_MASTER
            CODE    3DBAH     0027H     UNIT         ?PR?PIDS?ENCODAGEM2
            CODE    3DE1H     0027H     UNIT         ?PR?INIT_DEVICE?MAIN
            CODE    3E08H     0025H     UNIT         ?PR?ROTATION_90DROITE?PARSEUR
            CODE    3E2DH     0025H     UNIT         ?PR?ROTATION_90GAUCHE?PARSEUR
            CODE    3E52H     0025H     UNIT         ?PR?ROTATION_180DROITE?PARSEUR
            CODE    3E77H     0025H     UNIT         ?PR?ROTATION_180GAUCHE?PARSEUR
BL51 BANKED LINKER/LOCATER V6.22                                                      05/18/2017  17:39:01  PAGE 4


            CODE    3E9CH     0020H     UNIT         ?PR?INIT_STRUCT?PARSEUR
            CODE    3EBCH     001CH     UNIT         ?PR?PULSE_P33?DETEC_OBSTACLE
            CODE    3ED8H     001CH     UNIT         ?PR?PULSE_P34?DETEC_OBSTACLE
            CODE    3EF4H     001CH     UNIT         ?PR?CONFIG_UART1?CFG_UART1
            CODE    3F10H     001AH     UNIT         ?PR?CFG_SYSCLK?MAIN
            CODE    3F2AH     0019H     UNIT         ?PR?CONFIG_TIMER3?CFG_TIMER3
            CODE    3F43H     0016H     UNIT         ?PR?FIN_EPREUVE?PARSEUR
            CODE    3F59H     0016H     UNIT         ?PR?CONFIG_TIMER1?CFG_TIMER1
            CODE    3F6FH     0016H     UNIT         ?PR?CONFIG_UART0?CFG_UART0
            CODE    3F85H     0016H     UNIT         ?PR?ISR_TIMER3?CFG_TIMER3
            CODE    3F9BH     0016H     UNIT         ?PR?CONFIG_TIMER4?CFG_TIMER4
            CODE    3FB1H     0014H     UNIT         ?PR?GETCHAR?GETCHAR
            CODE    3FC5H     0014H     UNIT         ?PR?_ISSPACE?ISSPACE
            CODE    3FD9H     0012H     UNIT         ?PR?CONFIG_SPI_MASTER?CFG_SPI_MASTER
            CODE    3FEBH     0010H     UNIT         ?PR?CONFIG_GPIO?CFG_GPIO
            CODE    3FFBH     000DH     UNIT         ?PR?INTERRUPT67_INIT_FO_M4?DETEC_OBSTACLE
            CODE    4008H     000DH     UNIT         ?PR?PORT_IO_INIT?MAIN
            CODE    4015H     000CH     UNIT         ?PR?_ABS?ABS
            CODE    4021H     000BH     UNIT         ?PR?RESET_INIT?MAIN
            CODE    402CH     000AH     UNIT         ?PR?_GETKEY?_GETKEY
            CODE    4036H     0008H     UNIT         ?PR?GETCHAR?UNGETCHAR
            CODE    403EH     0007H     UNIT         ?PR?ARRET_URGENCE?PARSEUR
            CODE    4045H     0006H     UNIT         ?PR?FO_M4_INIT?DETEC_OBSTACLE
            CODE    404BH     0006H     UNIT         ?PR?TIMER2_INIT_FO_M4?DETEC_OBSTACLE



OVERLAY MAP OF MODULE:   projet (?C_STARTUP)


SEGMENT                                             BIT_GROUP          DATA_GROUP          XDATA_GROUP
  +--> CALLED SEGMENT                            START    LENGTH     START    LENGTH     START    LENGTH
--------------------------------------------------------------------------------------------------------
?C_C51STARTUP                                    -----    -----      -----    -----      -----    -----
  +--> ?PR?MAIN?MAIN
  +--> ?C_INITSEG

?PR?MAIN?MAIN                                    -----    -----      -----    -----      -----    -----
  +--> ?PR?INIT_DEVICE?MAIN
  +--> ?PR?RECEPTION_COMMANDE?PARSEUR

?PR?INIT_DEVICE?MAIN                             -----    -----      -----    -----      -----    -----
  +--> ?PR?RESET_INIT?MAIN
  +--> ?PR?CFG_SYSCLK?MAIN
  +--> ?PR?CONFIG_GPIO?CFG_GPIO
  +--> ?PR?CONFIG_TIMER1?CFG_TIMER1
  +--> ?PR?CONFIG_TIMER3?CFG_TIMER3
  +--> ?PR?CONFIG_TIMER4?CFG_TIMER4
  +--> ?PR?CONFIG_UART0?CFG_UART0
  +--> ?PR?CONFIG_PCA0?CMD_SERVOMOTEUR
  +--> ?PR?FO_M4_INIT?DETEC_OBSTACLE
  +--> ?PR?PORT_IO_INIT?MAIN
  +--> ?PR?CONFIG_SPI_MASTER?CFG_SPI_MASTER
  +--> ?PR?CONFIG_UART1?CFG_UART1
  +--> ?PR?INIT_STRUCT?PARSEUR

?PR?CONFIG_PCA0?CMD_SERVOMOTEUR                  -----    -----      -----    -----      0000H    0004H
BL51 BANKED LINKER/LOCATER V6.22                                                      05/18/2017  17:39:01  PAGE 5



?PR?FO_M4_INIT?DETEC_OBSTACLE                    -----    -----      -----    -----      -----    -----
  +--> ?PR?TIMER2_INIT_FO_M4?DETEC_OBSTACLE
  +--> ?PR?INTERRUPT67_INIT_FO_M4?DETEC_OBST...

?PR?RECEPTION_COMMANDE?PARSEUR                   -----    -----      -----    -----      0000H    0001H
  +--> ?PR?_GETCHAR?PUTCHAR_GETCHAR
  +--> ?PR?ACTIONCOMMANDE?PARSEUR

?PR?_GETCHAR?PUTCHAR_GETCHAR                     -----    -----      -----    -----      011CH    0001H
  +--> ?PR?_PUTCHAR?PUTCHAR_GETCHAR

?PR?ACTIONCOMMANDE?PARSEUR                       -----    -----      -----    -----      0001H    0003H
  +--> ?PR?DEBUT_EPREUVE?PARSEUR
  +--> ?PR?ARRET_URGENCE?PARSEUR
  +--> ?PR?AVANCER?PARSEUR
  +--> ?PR?RECULER?PARSEUR
  +--> ?PR?FIN_EPREUVE?PARSEUR
  +--> ?CO?PARSEUR
  +--> ?PR?SCANF?SCANF
  +--> ?PR?STOP?PARSEUR
  +--> ?PR?ROTATION_90DROITE?PARSEUR
  +--> ?PR?ROTATION_90GAUCHE?PARSEUR
  +--> ?PR?ROTATION_180GAUCHE?PARSEUR
  +--> ?PR?ROTATION_180DROITE?PARSEUR
  +--> ?PR?ROTATION_RA?PARSEUR
  +--> ?PR?DEPLACEMENT_COORD?PARSEUR
  +--> ?PR?_SEND_STRING?PUTCHAR_GETCHAR
  +--> ?PR?_RETOUR?PARSEUR
  +--> ?PR?SERVOMOTEUR?PARSEUR
  +--> ?PR?MOB?PARSEUR
  +--> ?PR?LUMIERE?PARSEUR
  +--> ?PR?DETECT?PARSEUR

?PR?DEBUT_EPREUVE?PARSEUR                        -----    -----      -----    -----      0004H    0018H
  +--> ?CO?PARSEUR
  +--> ?PR?SCANF?SCANF
  +--> ?PR?_SEND_STRING?PUTCHAR_GETCHAR
  +--> ?PR?PRINTF?PRINTF

?PR?SCANF?SCANF                                  0020H.0  0000H.6    0008H    0009H      0112H    002EH
  +--> ?PR?GETCHAR?UNGETCHAR
  +--> ?PR?_ISSPACE?ISSPACE
  +--> ?PR?GETCHAR?GETCHAR
  +--> ?PR??C?ATOF??C?ATOF

?PR?GETCHAR?GETCHAR                              -----    -----      -----    -----      -----    -----
  +--> ?PR?_GETKEY?_GETKEY
  +--> ?PR?_PUTCHAR?PUTCHAR_GETCHAR

?PR??C?ATOF??C?ATOF                              0020H.6  0000H.5    0011H    0002H      -----    -----

?PR?_SEND_STRING?PUTCHAR_GETCHAR                 -----    -----      -----    -----      02DFH    0004H
  +--> ?PR?_PUTCHAR?PUTCHAR_GETCHAR

?PR?PRINTF?PRINTF                                0020H.0  0001H.1    0008H    0005H      02DFH    0030H
  +--> ?PR?_PUTCHAR?PUTCHAR_GETCHAR
BL51 BANKED LINKER/LOCATER V6.22                                                      05/18/2017  17:39:01  PAGE 6



?PR?ARRET_URGENCE?PARSEUR                        -----    -----      -----    -----      -----    -----
  +--> ?PR?STOP?PARSEUR

?PR?STOP?PARSEUR                                 -----    -----      -----    -----      -----    -----
  +--> ?PR?MOUVEMENT?ENCODAGEM2

?PR?MOUVEMENT?ENCODAGEM2                         -----    -----      -----    -----      007FH    003DH
  +--> ?PR?ENVOYERSTRUCT?ENCODAGEM2

?PR?ENVOYERSTRUCT?ENCODAGEM2                     -----    -----      -----    -----      00BCH    0041H
  +--> ?PR?ENCODE?ENCODAGEM2
  +--> ?PR?_SEND_STRING?PUTCHAR_GETCHAR
  +--> ?PR?GETREPONSE?ENCODAGEM2
  +--> ?CO?ENCODAGEM2
  +--> ?PR?_DECODE?ENCODAGEM2

?PR?ENCODE?ENCODAGEM2                            -----    -----      -----    -----      00FDH    0037H
  +--> ?CO?ENCODAGEM2
  +--> ?PR?PRINTF?PRINTF

?PR?GETREPONSE?ENCODAGEM2                        -----    -----      -----    -----      00FDH    001FH
  +--> ?PR?_GETCHAR?PUTCHAR_GETCHAR

?PR?_DECODE?ENCODAGEM2                           -----    -----      -----    -----      00FDH    0015H
  +--> ?CO?ENCODAGEM2
  +--> ?PR?SCANF?SCANF

?PR?AVANCER?PARSEUR                              -----    -----      -----    -----      0004H    0002H
  +--> ?CO?PARSEUR
  +--> ?PR?SCANF?SCANF
  +--> ?PR?MOUVEMENT?ENCODAGEM2
  +--> ?PR?_RETOUR?PARSEUR

?PR?_RETOUR?PARSEUR                              -----    -----      -----    -----      -----    -----
  +--> ?PR?_PUTCHAR?PUTCHAR_GETCHAR

?PR?RECULER?PARSEUR                              -----    -----      -----    -----      0004H    0002H
  +--> ?CO?PARSEUR
  +--> ?PR?SCANF?SCANF
  +--> ?PR?MOUVEMENT?ENCODAGEM2
  +--> ?PR?_RETOUR?PARSEUR

?PR?FIN_EPREUVE?PARSEUR                          -----    -----      -----    -----      -----    -----
  +--> ?CO?PARSEUR
  +--> ?PR?_SEND_STRING?PUTCHAR_GETCHAR

?PR?ROTATION_90DROITE?PARSEUR                    -----    -----      -----    -----      -----    -----
  +--> ?PR?MOUVEMENT?ENCODAGEM2

?PR?ROTATION_90GAUCHE?PARSEUR                    -----    -----      -----    -----      -----    -----
  +--> ?PR?MOUVEMENT?ENCODAGEM2

?PR?ROTATION_180GAUCHE?PARSEUR                   -----    -----      -----    -----      -----    -----
  +--> ?PR?MOUVEMENT?ENCODAGEM2

?PR?ROTATION_180DROITE?PARSEUR                   -----    -----      -----    -----      -----    -----
BL51 BANKED LINKER/LOCATER V6.22                                                      05/18/2017  17:39:01  PAGE 7


  +--> ?PR?MOUVEMENT?ENCODAGEM2

?PR?ROTATION_RA?PARSEUR                          -----    -----      -----    -----      0004H    007BH
  +--> ?CO?PARSEUR
  +--> ?PR?SCANF?SCANF
  +--> ?PR?MOUVEMENT?ENCODAGEM2

?PR?DEPLACEMENT_COORD?PARSEUR                    -----    -----      -----    -----      0004H    0006H
  +--> ?CO?PARSEUR
  +--> ?PR?SCANF?SCANF
  +--> ?PR?MOUVEMENT?ENCODAGEM2
  +--> ?PR?PIDS?ENCODAGEM2
  +--> ?PR?_SEND_STRING?PUTCHAR_GETCHAR

?PR?PIDS?ENCODAGEM2                              -----    -----      -----    -----      000AH    0021H
  +--> ?PR?ENVOYERSTRUCT?ENCODAGEM2

?PR?SERVOMOTEUR?PARSEUR                          -----    -----      -----    -----      0004H    0011H
  +--> ?CO?PARSEUR
  +--> ?PR?SCANF?SCANF
  +--> ?PR?_CMD_SERVO_H?CMD_SERVOMOTEUR
  +--> ?PR?_ENVOI_TRAME?SPI_MASTER
  +--> ?PR?_SEND_STRING?PUTCHAR_GETCHAR
  +--> ?PR?_RETOUR?PARSEUR
  +--> ?PR?PRINTF?PRINTF

?PR?_CMD_SERVO_H?CMD_SERVOMOTEUR                 -----    -----      -----    -----      004CH    0009H
  +--> ?PR?_ABS?ABS

?PR?_ENVOI_TRAME?SPI_MASTER                      -----    -----      -----    -----      0015H    0004H
  +--> ?PR?_PUTCHAR_SPI?SPI_MASTER

?PR?MOB?PARSEUR                                  -----    -----      -----    -----      0004H    0003H
  +--> ?CO?PARSEUR
  +--> ?PR?SCANF?SCANF
  +--> ?PR?DETECTION_OBSTACLES?DETECTION
  +--> ?PR?RESULTAT_OBSTACLES?PARSEUR

?PR?DETECTION_OBSTACLES?DETECTION                -----    -----      -----    -----      0007H    0045H
  +--> ?PR?_CMD_SERVO_H?CMD_SERVOMOTEUR
  +--> ?PR?MES_DIST_AV?DETEC_OBSTACLE
  +--> ?PR?MES_DIST_AR?DETEC_OBSTACLE

?PR?MES_DIST_AV?DETEC_OBSTACLE                   -----    -----      -----    -----      004CH    0004H
  +--> ?PR?PULSE_P33?DETEC_OBSTACLE

?PR?MES_DIST_AR?DETEC_OBSTACLE                   -----    -----      -----    -----      004CH    0004H
  +--> ?PR?PULSE_P34?DETEC_OBSTACLE

?PR?RESULTAT_OBSTACLES?PARSEUR                   -----    -----      -----    -----      0007H    02D8H
  +--> ?CO?PARSEUR
  +--> ?PR?PRINTF?PRINTF
  +--> ?PR?_SEND_STRING?PUTCHAR_GETCHAR

?PR?LUMIERE?PARSEUR                              -----    -----      -----    -----      0004H    0004H
  +--> ?CO?PARSEUR
  +--> ?PR?SCANF?SCANF
BL51 BANKED LINKER/LOCATER V6.22                                                      05/18/2017  17:39:01  PAGE 8


  +--> ?PR?_ENVOI_TRAME?SPI_MASTER
  +--> ?PR?_RETOUR?PARSEUR

?PR?DETECT?PARSEUR                               -----    -----      -----    -----      0004H    0028H
  +--> ?PR?MES_DIST_AV?DETEC_OBSTACLE
  +--> ?CO?PARSEUR
  +--> ?PR?PRINTF?PRINTF
  +--> ?PR?_SEND_STRING?PUTCHAR_GETCHAR



SYMBOL TABLE OF MODULE:  projet (?C_STARTUP)

  VALUE           TYPE          NAME
  ----------------------------------

  -------         MODULE        ?C_STARTUP
  C:3740H         SEGMENT       ?C_C51STARTUP
  I:0022H         SEGMENT       ?STACK
  C:0000H         PUBLIC        ?C_STARTUP
  D:00E0H         SYMBOL        ACC
  D:00F0H         SYMBOL        B
  D:0083H         SYMBOL        DPH
  D:0082H         SYMBOL        DPL
  N:0000H         SYMBOL        IBPSTACK
  N:0100H         SYMBOL        IBPSTACKTOP
  N:0080H         SYMBOL        IDATALEN
  C:3743H         SYMBOL        IDATALOOP
  N:0000H         SYMBOL        PBPSTACK
  N:0100H         SYMBOL        PBPSTACKTOP
  N:0000H         SYMBOL        PDATALEN
  N:0000H         SYMBOL        PDATASTART
  N:0000H         SYMBOL        PPAGE
  N:0000H         SYMBOL        PPAGEENABLE
  D:00A0H         SYMBOL        PPAGE_SFR
  D:0081H         SYMBOL        SP
  C:3740H         SYMBOL        STARTUP1
  N:0000H         SYMBOL        XBPSTACK
  N:0000H         SYMBOL        XBPSTACKTOP
  N:0000H         SYMBOL        XDATALEN
  N:0000H         SYMBOL        XDATASTART
  C:0000H         LINE#         126
  C:3740H         LINE#         133
  C:3742H         LINE#         134
  C:3743H         LINE#         135
  C:3744H         LINE#         136
  C:3746H         LINE#         185
  C:3749H         LINE#         196
  -------         ENDMOD        ?C_STARTUP

  -------         MODULE        PARSEUR
  C:0000H         SYMBOL        _ICE_DUMMY_
  X:030FH         PUBLIC        taille
  D:0090H         PUBLIC        P1
  D:00A0H         PUBLIC        P2
  D:00B0H         PUBLIC        P3
  X:0310H         PUBLIC        encours
BL51 BANKED LINKER/LOCATER V6.22                                                      05/18/2017  17:39:01  PAGE 9


  C:27E3H         PUBLIC        deplacement_coord
  D:00E8H         PUBLIC        ADC0CN
  D:00A8H         PUBLIC        IE
  D:00D8H         PUBLIC        PCA0CN
  X:0311H         PUBLIC        Struct_info
  D:00B8H         PUBLIC        IP
  C:3F43H         PUBLIC        fin_epreuve
  C:25AAH         PUBLIC        resultat_obstacles
  C:3D6BH         PUBLIC        _retour
  D:00C0H         PUBLIC        SMB0CN
  X:032BH         PUBLIC        Struct_commandes
  C:2103H         PUBLIC        actionCommande
  D:00F8H         PUBLIC        SPI0CN
  C:3E2DH         PUBLIC        rotation_90gauche
  D:0088H         PUBLIC        TCON
  C:3E9CH         PUBLIC        init_struct
  C:2D35H         SYMBOL        _?ix1000
  C:0D5DH         PUBLIC        depl_coord_obs
  C:0076H         PUBLIC        stop
  C:3E08H         PUBLIC        rotation_90droite
  C:317DH         PUBLIC        servomoteur
  X:0347H         PUBLIC        X
  X:0349H         PUBLIC        Y
  X:034BH         PUBLIC        Z
  C:3356H         PUBLIC        MOB
  C:3E77H         PUBLIC        rotation_180gauche
  D:00EFH         PUBLIC        RSTSRC
  C:3850H         PUBLIC        avancer
  D:0098H         PUBLIC        SCON0
  X:034DH         PUBLIC        vitesseDefaut
  D:00C8H         PUBLIC        T2CON
  X:034EH         PUBLIC        Angle
  C:36ACH         PUBLIC        rotation_RA
  C:403EH         PUBLIC        arret_urgence
  C:2EE1H         PUBLIC        choix_rotation
  C:37CCH         PUBLIC        reculer
  C:0003H         PUBLIC        lumiere
  C:34C0H         PUBLIC        debut_epreuve
  C:3B80H         PUBLIC        reception_commande
  D:00D0H         PUBLIC        PSW
  C:3E52H         PUBLIC        rotation_180droite
  C:3D40H         PUBLIC        detect
  X:0350H         PUBLIC        buffer
  -------         PROC          INIT_STRUCT
  C:3E9CH         LINE#         56
  C:3E9CH         LINE#         57
  C:3E9CH         LINE#         58
  C:3EA1H         LINE#         59
  C:3EA5H         LINE#         60
  C:3EA9H         LINE#         61
  C:3EADH         LINE#         62
  C:3EB1H         LINE#         63
  C:3EB5H         LINE#         64
  C:3EB7H         LINE#         65
  C:3EBBH         LINE#         67
  -------         ENDPROC       INIT_STRUCT
  -------         PROC          RECEPTION_COMMANDE
BL51 BANKED LINKER/LOCATER V6.22                                                      05/18/2017  17:39:01  PAGE 10


  -------         DO            
  D:0007H         SYMBOL        carac
  X:0000H         SYMBOL        i
  -------         ENDDO         
  C:3B80H         LINE#         70
  C:3B80H         LINE#         71
  C:3B80H         LINE#         73
  C:3B85H         LINE#         74
  C:3B89H         LINE#         75
  C:3B89H         LINE#         76
  C:3B8EH         LINE#         77
  C:3BA3H         LINE#         78
  C:3BA9H         LINE#         79
  C:3BAFH         LINE#         80
  C:3BB3H         LINE#         82
  C:3BC8H         LINE#         83
  -------         ENDPROC       RECEPTION_COMMANDE
  -------         PROC          ACTIONCOMMANDE
  -------         DO            
  X:0001H         SYMBOL        i
  -------         DO            
  X:0002H         SYMBOL        vit
  -------         ENDDO         
  -------         ENDDO         
  C:2103H         LINE#         86
  C:2103H         LINE#         87
  C:2103H         LINE#         88
  C:2108H         LINE#         89
  C:2116H         LINE#         90
  C:2116H         LINE#         91
  C:2148H         LINE#         92
  C:2148H         LINE#         93
  C:214BH         LINE#         94
  C:214BH         LINE#         95
  C:214EH         LINE#         97
  C:214EH         LINE#         98
  C:2151H         LINE#         99
  C:2154H         LINE#         101
  C:2154H         LINE#         102
  C:2164H         LINE#         103
  C:2164H         LINE#         104
  C:2167H         LINE#         105
  C:216AH         LINE#         109
  C:216AH         LINE#         110
  C:217AH         LINE#         111
  C:217AH         LINE#         112
  C:217DH         LINE#         113
  C:2180H         LINE#         114
  C:2180H         LINE#         115
  C:2183H         LINE#         117
  C:2183H         LINE#         118
  C:2193H         LINE#         119
  C:2193H         LINE#         120
  C:2196H         LINE#         121
  C:2196H         LINE#         122
  C:2199H         LINE#         123
  C:2199H         LINE#         124
BL51 BANKED LINKER/LOCATER V6.22                                                      05/18/2017  17:39:01  PAGE 11


  C:219CH         LINE#         126
  C:219CH         LINE#         127
  C:21ACH         LINE#         128
  C:21ACH         LINE#         129
  C:21B3H         LINE#         130
  C:21D6H         LINE#         131
  C:21F3H         LINE#         132
  C:21F3H         LINE#         133
  C:21F9H         LINE#         134
  C:21F9H         LINE#         135
  C:21FCH         LINE#         136
  C:21FCH         LINE#         138
  C:21FCH         LINE#         139
  C:221FH         LINE#         140
  C:221FH         LINE#         141
  C:221FH         LINE#         142
  C:2221H         LINE#         143
  C:2227H         LINE#         144
  C:222AH         LINE#         146
  C:222AH         LINE#         147
  C:223AH         LINE#         148
  C:223AH         LINE#         149
  C:223DH         LINE#         150
  C:223DH         LINE#         151
  C:223FH         LINE#         152
  C:2245H         LINE#         153
  C:2248H         LINE#         155
  C:2248H         LINE#         156
  C:2258H         LINE#         157
  C:2258H         LINE#         158
  C:226FH         LINE#         159
  C:226FH         LINE#         160
  C:2272H         LINE#         161
  C:2272H         LINE#         162
  C:2274H         LINE#         164
  C:2274H         LINE#         165
  C:2277H         LINE#         166
  C:2277H         LINE#         167
  C:2279H         LINE#         169
  C:2279H         LINE#         170
  C:2280H         LINE#         171
  C:2280H         LINE#         172
  C:2287H         LINE#         173
  C:2287H         LINE#         174
  C:2287H         LINE#         175
  C:2289H         LINE#         176
  C:2290H         LINE#         177
  C:2290H         LINE#         178
  C:2293H         LINE#         179
  C:2293H         LINE#         180
  C:2295H         LINE#         181
  C:229CH         LINE#         182
  C:229CH         LINE#         183
  C:229FH         LINE#         184
  C:229FH         LINE#         185
  C:229FH         LINE#         186
  C:22A1H         LINE#         188
BL51 BANKED LINKER/LOCATER V6.22                                                      05/18/2017  17:39:01  PAGE 12


  C:22A1H         LINE#         189
  C:22A4H         LINE#         190
  C:22A4H         LINE#         191
  C:22A7H         LINE#         193
  C:22A7H         LINE#         197
  C:22ADH         LINE#         198
  C:22AFH         LINE#         200
  C:22AFH         LINE#         202
  C:22BFH         LINE#         203
  C:22BFH         LINE#         204
  C:22C2H         LINE#         208
  C:22C4H         LINE#         209
  C:22C6H         LINE#         210
  C:22C6H         LINE#         211
  C:22D1H         LINE#         212
  C:22D6H         LINE#         213
  C:22D6H         LINE#         214
  C:22D6H         LINE#         215
  C:22D8H         LINE#         217
  C:22D8H         LINE#         218
  C:22E8H         LINE#         219
  C:22E8H         LINE#         220
  C:22EBH         LINE#         221
  C:22EDH         LINE#         222
  C:22F3H         LINE#         223
  C:22F5H         LINE#         225
  C:22F5H         LINE#         226
  C:2305H         LINE#         227
  C:2305H         LINE#         228
  C:2308H         LINE#         229
  C:2308H         LINE#         230
  C:230AH         LINE#         231
  C:2310H         LINE#         232
  C:2312H         LINE#         234
  C:2312H         LINE#         236
  C:2322H         LINE#         237
  C:2322H         LINE#         238
  C:2325H         LINE#         239
  C:2325H         LINE#         240
  C:2327H         LINE#         241
  C:2332H         LINE#         243
  C:2334H         LINE#         245
  C:2334H         LINE#         246
  C:2337H         LINE#         247
  C:2339H         LINE#         248
  C:233BH         LINE#         250
  C:233BH         LINE#         251
  C:2340H         LINE#         254
  C:2340H         LINE#         256
  C:2351H         LINE#         257
  C:2351H         LINE#         258
  C:2363H         LINE#         259
  C:236BH         LINE#         260
  C:236BH         LINE#         261
  -------         ENDPROC       ACTIONCOMMANDE
  -------         PROC          DEBUT_EPREUVE
  -------         DO            
BL51 BANKED LINKER/LOCATER V6.22                                                      05/18/2017  17:39:01  PAGE 13


  X:0004H         SYMBOL        msg
  X:0018H         SYMBOL        c_variable
  X:001AH         SYMBOL        numEpreuve
  -------         ENDDO         
  C:34C0H         LINE#         263
  C:34C0H         LINE#         264
  C:34C0H         LINE#         265
  C:34D3H         LINE#         267
  C:34DAH         LINE#         268
  C:34FDH         LINE#         269
  C:3506H         LINE#         271
  C:350CH         LINE#         272
  C:3516H         LINE#         273
  C:3524H         LINE#         274
  C:3534H         LINE#         276
  C:3558H         LINE#         277
  C:3563H         LINE#         279
  -------         ENDPROC       DEBUT_EPREUVE
  -------         PROC          AVANCER
  -------         DO            
  X:0004H         SYMBOL        vitesse
  -------         ENDDO         
  C:3850H         LINE#         281
  C:3850H         LINE#         282
  C:3850H         LINE#         284
  C:3857H         LINE#         286
  C:385CH         LINE#         287
  C:387FH         LINE#         290
  C:389AH         LINE#         291
  C:389AH         LINE#         292
  C:38A5H         LINE#         293
  C:38A5H         LINE#         294
  C:38A8H         LINE#         295
  C:38AAH         LINE#         297
  C:38AAH         LINE#         298
  C:38B3H         LINE#         299
  C:38B3H         LINE#         300
  C:38C9H         LINE#         301
  C:38CBH         LINE#         302
  C:38CDH         LINE#         304
  C:38CDH         LINE#         305
  C:38D2H         LINE#         306
  C:38D2H         LINE#         310
  -------         ENDPROC       AVANCER
  -------         PROC          RECULER
  -------         DO            
  X:0004H         SYMBOL        vitesse
  -------         ENDDO         
  C:37CCH         LINE#         312
  C:37CCH         LINE#         313
  C:37CCH         LINE#         314
  C:37D3H         LINE#         316
  C:37D9H         LINE#         317
  C:37FCH         LINE#         318
  C:3817H         LINE#         319
  C:3817H         LINE#         320
  C:3822H         LINE#         321
BL51 BANKED LINKER/LOCATER V6.22                                                      05/18/2017  17:39:01  PAGE 14


  C:3822H         LINE#         322
  C:3825H         LINE#         323
  C:3827H         LINE#         325
  C:3827H         LINE#         326
  C:3830H         LINE#         327
  C:3830H         LINE#         328
  C:3846H         LINE#         329
  C:3848H         LINE#         330
  C:384AH         LINE#         332
  C:384AH         LINE#         333
  C:384FH         LINE#         334
  C:384FH         LINE#         338
  -------         ENDPROC       RECULER
  -------         PROC          ARRET_URGENCE
  C:403EH         LINE#         340
  C:403EH         LINE#         341
  C:403EH         LINE#         343
  C:4041H         LINE#         344
  C:4044H         LINE#         346
  -------         ENDPROC       ARRET_URGENCE
  -------         PROC          FIN_EPREUVE
  C:3F43H         LINE#         348
  C:3F43H         LINE#         349
  C:3F43H         LINE#         350
  C:3F49H         LINE#         351
  C:3F4EH         LINE#         352
  C:3F58H         LINE#         354
  -------         ENDPROC       FIN_EPREUVE
  -------         PROC          STOP
  C:0076H         LINE#         356
  C:0076H         LINE#         357
  C:0076H         LINE#         358
  C:007CH         LINE#         359
  C:0092H         LINE#         361
  -------         ENDPROC       STOP
  -------         PROC          _RETOUR
  D:0007H         SYMBOL        correct
  C:3D6BH         LINE#         363
  C:3D6BH         LINE#         364
  C:3D6BH         LINE#         365
  C:3D70H         LINE#         366
  C:3D70H         LINE#         367
  C:3D74H         LINE#         368
  C:3D7BH         LINE#         369
  C:3D7DH         LINE#         370
  C:3D7FH         LINE#         372
  C:3D7FH         LINE#         373
  C:3D84H         LINE#         374
  C:3D8BH         LINE#         375
  C:3D92H         LINE#         376
  C:3D92H         LINE#         378
  -------         ENDPROC       _RETOUR
  -------         PROC          ROTATION_90DROITE
  C:3E08H         LINE#         380
  C:3E08H         LINE#         381
  C:3E08H         LINE#         382
  C:3E10H         LINE#         383
BL51 BANKED LINKER/LOCATER V6.22                                                      05/18/2017  17:39:01  PAGE 15


  C:3E16H         LINE#         384
  C:3E2CH         LINE#         386
  -------         ENDPROC       ROTATION_90DROITE
  -------         PROC          ROTATION_90GAUCHE
  C:3E2DH         LINE#         387
  C:3E2DH         LINE#         388
  C:3E2DH         LINE#         389
  C:3E35H         LINE#         390
  C:3E3BH         LINE#         391
  C:3E51H         LINE#         393
  -------         ENDPROC       ROTATION_90GAUCHE
  -------         PROC          ROTATION_180DROITE
  C:3E52H         LINE#         395
  C:3E52H         LINE#         396
  C:3E52H         LINE#         397
  C:3E5AH         LINE#         398
  C:3E60H         LINE#         399
  C:3E76H         LINE#         401
  -------         ENDPROC       ROTATION_180DROITE
  -------         PROC          ROTATION_180GAUCHE
  C:3E77H         LINE#         402
  C:3E77H         LINE#         403
  C:3E77H         LINE#         404
  C:3E7FH         LINE#         405
  C:3E85H         LINE#         406
  C:3E9BH         LINE#         408
  -------         ENDPROC       ROTATION_180GAUCHE
  -------         PROC          ROTATION_RA
  -------         DO            
  X:0004H         SYMBOL        tab
  X:007CH         SYMBOL        angle
  X:007EH         SYMBOL        GD
  -------         ENDDO         
  C:36ACH         LINE#         410
  C:36ACH         LINE#         411
  C:36ACH         LINE#         413
  C:36B3H         LINE#         415
  C:36B7H         LINE#         416
  C:36C5H         LINE#         417
  C:36D1H         LINE#         418
  C:3700H         LINE#         419
  C:3708H         LINE#         420
  C:3712H         LINE#         421
  C:3717H         LINE#         423
  C:371AH         LINE#         425
  C:3729H         LINE#         427
  C:373FH         LINE#         429
  -------         ENDPROC       ROTATION_RA
  -------         PROC          SERVOMOTEUR
  -------         DO            
  X:0004H         SYMBOL        HV
  X:0005H         SYMBOL        angle
  X:0007H         SYMBOL        chaineCar
  X:0011H         SYMBOL        i
  X:0013H         SYMBOL        temps_estime
  -------         ENDDO         
  C:317DH         LINE#         431
BL51 BANKED LINKER/LOCATER V6.22                                                      05/18/2017  17:39:01  PAGE 16


  C:317DH         LINE#         432
  C:317DH         LINE#         433
  C:3183H         LINE#         434
  C:318BH         LINE#         436
  C:3192H         LINE#         438
  C:31C1H         LINE#         440
  C:31CAH         LINE#         441
  C:31D1H         LINE#         442
  C:31E1H         LINE#         444
  C:31E8H         LINE#         445
  C:31E8H         LINE#         446
  C:31FAH         LINE#         449
  C:31FCH         LINE#         452
  C:31FCH         LINE#         453
  C:3207H         LINE#         455
  C:3207H         LINE#         459
  C:3230H         LINE#         460
  C:3230H         LINE#         461
  C:3231H         LINE#         462
  C:323FH         LINE#         463
  C:3242H         LINE#         464
  C:3261H         LINE#         465
  C:326CH         LINE#         466
  C:326FH         LINE#         468
  -------         ENDPROC       SERVOMOTEUR
  -------         PROC          MOB
  -------         DO            
  X:0004H         SYMBOL        reso_angle
  X:0006H         SYMBOL        D
  -------         ENDDO         
  C:3356H         LINE#         470
  C:3356H         LINE#         471
  C:3356H         LINE#         472
  C:335FH         LINE#         473
  C:3363H         LINE#         474
  C:3392H         LINE#         475
  C:3399H         LINE#         476
  C:3399H         LINE#         477
  C:339FH         LINE#         478
  C:33A1H         LINE#         480
  C:33A1H         LINE#         481
  C:33C4H         LINE#         482
  C:33CAH         LINE#         483
  C:33CAH         LINE#         485
  C:33D9H         LINE#         487
  C:340FH         LINE#         489
  -------         ENDPROC       MOB
  -------         PROC          DETECT
  -------         DO            
  X:0004H         SYMBOL        test
  D:0006H         SYMBOL        Distance_AV
  -------         ENDDO         
  C:3D40H         LINE#         492
  C:3D40H         LINE#         493
  C:3D40H         LINE#         495
  C:3D43H         LINE#         496
  C:3D60H         LINE#         498
BL51 BANKED LINKER/LOCATER V6.22                                                      05/18/2017  17:39:01  PAGE 17


  -------         ENDPROC       DETECT
  -------         PROC          RESULTAT_OBSTACLES
  -------         DO            
  X:0007H         SYMBOL        resultat
  X:02D7H         SYMBOL        pas
  X:02D9H         SYMBOL        i
  X:02DBH         SYMBOL        angle
  X:02DDH         SYMBOL        val
  -------         ENDDO         
  C:25AAH         LINE#         501
  C:25AAH         LINE#         502
  C:25AAH         LINE#         504
  C:25B9H         LINE#         505
  C:25BEH         LINE#         506
  C:25C2H         LINE#         507
  C:25C6H         LINE#         509
  C:25E9H         LINE#         511
  C:25F4H         LINE#         512
  C:25F4H         LINE#         513
  C:25FEH         LINE#         514
  C:261FH         LINE#         515
  C:261FH         LINE#         516
  C:268BH         LINE#         517
  C:269FH         LINE#         518
  C:269FH         LINE#         519
  C:26AAH         LINE#         520
  C:26AAH         LINE#         521
  C:26B2H         LINE#         522
  C:26C3H         LINE#         523
  C:26C3H         LINE#         524
  C:26DEH         LINE#         525
  C:26E8H         LINE#         526
  C:26F7H         LINE#         527
  C:26F9H         LINE#         528
  C:271BH         LINE#         529
  C:271BH         LINE#         530
  C:273DH         LINE#         531
  C:27A5H         LINE#         532
  C:27B6H         LINE#         533
  C:27B6H         LINE#         534
  C:27D8H         LINE#         536
  -------         ENDPROC       RESULTAT_OBSTACLES
  -------         PROC          DEPLACEMENT_COORD
  -------         DO            
  X:0004H         SYMBOL        X
  X:0006H         SYMBOL        Y
  X:0008H         SYMBOL        Angle
  -------         ENDDO         
  C:27E3H         LINE#         539
  C:27E3H         LINE#         540
  C:27E3H         LINE#         541
  C:27F2H         LINE#         542
  C:282DH         LINE#         544
  C:283FH         LINE#         545
  C:283FH         LINE#         546
  C:2843H         LINE#         547
  C:2843H         LINE#         548
BL51 BANKED LINKER/LOCATER V6.22                                                      05/18/2017  17:39:01  PAGE 18


  C:2843H         LINE#         549
  C:2845H         LINE#         550
  C:2850H         LINE#         551
  C:2850H         LINE#         553
  C:285EH         LINE#         554
  C:2864H         LINE#         555
  C:287AH         LINE#         557
  C:287DH         LINE#         559
  C:2888H         LINE#         560
  C:288EH         LINE#         561
  C:28A4H         LINE#         562
  C:28A4H         LINE#         565
  C:28A7H         LINE#         568
  C:28B8H         LINE#         569
  C:28B8H         LINE#         570
  C:28C6H         LINE#         571
  C:28CBH         LINE#         572
  C:28CBH         LINE#         573
  C:28CDH         LINE#         574
  C:28DDH         LINE#         575
  C:28DDH         LINE#         576
  C:28EBH         LINE#         577
  C:28F8H         LINE#         578
  C:28FEH         LINE#         579
  C:2914H         LINE#         580
  C:2914H         LINE#         583
  C:2917H         LINE#         586
  C:2922H         LINE#         587
  C:2922H         LINE#         588
  C:2927H         LINE#         589
  C:292DH         LINE#         590
  C:2943H         LINE#         591
  C:2943H         LINE#         594
  C:2946H         LINE#         597
  C:2956H         LINE#         598
  C:2956H         LINE#         599
  C:2963H         LINE#         600
  C:2972H         LINE#         601
  C:2977H         LINE#         602
  C:2977H         LINE#         603
  C:2979H         LINE#         604
  C:298BH         LINE#         605
  C:298BH         LINE#         606
  C:2993H         LINE#         607
  C:2999H         LINE#         608
  C:29AFH         LINE#         609
  C:29AFH         LINE#         612
  C:29B2H         LINE#         615
  -------         ENDPROC       DEPLACEMENT_COORD
  -------         PROC          DEPL_COORD_OBS
  -------         DO            
  X:03B4H         SYMBOL        Xobs
  X:03B6H         SYMBOL        Yobs
  X:03B8H         SYMBOL        dist_detec
  X:03BAH         SYMBOL        dist_secu
  X:03BCH         SYMBOL        reso_angle
  X:03BEH         SYMBOL        test
BL51 BANKED LINKER/LOCATER V6.22                                                      05/18/2017  17:39:01  PAGE 19


  -------         ENDDO         
  C:0D5DH         LINE#         619
  C:0D5DH         LINE#         620
  C:0D5DH         LINE#         621
  C:0D68H         LINE#         622
  C:0D6EH         LINE#         623
  C:0D75H         LINE#         624
  C:0D7CH         LINE#         628
  C:0D91H         LINE#         631
  C:0DCCH         LINE#         632
  C:0DD7H         LINE#         633
  C:0DEDH         LINE#         635
  C:0DEDH         LINE#         637
  C:0DFDH         LINE#         638
  C:0DFDH         LINE#         640
  C:0E0AH         LINE#         641
  C:0E17H         LINE#         642
  C:0E25H         LINE#         643
  C:0E2BH         LINE#         644
  C:0E41H         LINE#         645
  C:0E44H         LINE#         646
  C:0E44H         LINE#         649
  C:0E4AH         LINE#         650
  C:0E59H         LINE#         651
  C:0E8FH         LINE#         653
  C:0EBDH         LINE#         654
  C:0EEFH         LINE#         655
  C:0EFAH         LINE#         656
  C:0F2CH         LINE#         657
  C:0F37H         LINE#         658
  C:0F69H         LINE#         659
  C:0F74H         LINE#         666
  C:0FA4H         LINE#         667
  C:0FA4H         LINE#         668
  C:0FAFH         LINE#         669
  C:0FCCH         LINE#         670
  C:0FCCH         LINE#         671
  C:0FD5H         LINE#         672
  C:0FE1H         LINE#         673
  C:0FE7H         LINE#         674
  C:0FF4H         LINE#         675
  C:100AH         LINE#         676
  C:100DH         LINE#         679
  C:1010H         LINE#         681
  C:1010H         LINE#         682
  C:1014H         LINE#         683
  C:1014H         LINE#         684
  C:1014H         LINE#         685
  C:1014H         LINE#         686
  C:1014H         LINE#         687
  C:1014H         LINE#         688
  C:1014H         LINE#         690
  C:1014H         LINE#         691
  C:1017H         LINE#         693
  C:1017H         LINE#         694
  C:1022H         LINE#         695
  C:1040H         LINE#         696
BL51 BANKED LINKER/LOCATER V6.22                                                      05/18/2017  17:39:01  PAGE 20


  C:1040H         LINE#         697
  C:104BH         LINE#         698
  C:1058H         LINE#         699
  C:1058H         LINE#         700
  C:1062H         LINE#         701
  C:1077H         LINE#         702
  C:1080H         LINE#         703
  C:1086H         LINE#         704
  C:1093H         LINE#         705
  C:10A9H         LINE#         706
  C:10ACH         LINE#         708
  C:10BAH         LINE#         709
  C:10C0H         LINE#         710
  C:10D6H         LINE#         711
  C:10D9H         LINE#         712
  C:10E9H         LINE#         713
  C:10FEH         LINE#         714
  C:1104H         LINE#         716
  C:110AH         LINE#         717
  C:1110H         LINE#         718
  C:1126H         LINE#         719
  C:1129H         LINE#         722
  C:1137H         LINE#         723
  C:113DH         LINE#         724
  C:1153H         LINE#         725
  C:1156H         LINE#         726
  C:1166H         LINE#         727
  C:1175H         LINE#         728
  C:1180H         LINE#         731
  C:1186H         LINE#         732
  C:118CH         LINE#         733
  C:119AH         LINE#         734
  C:11B0H         LINE#         735
  C:11B3H         LINE#         737
  C:11C1H         LINE#         738
  C:11C7H         LINE#         739
  C:11DDH         LINE#         740
  C:11E0H         LINE#         741
  C:11F0H         LINE#         742
  C:11FFH         LINE#         743
  C:120AH         LINE#         745
  C:1210H         LINE#         746
  C:1216H         LINE#         747
  C:122CH         LINE#         748
  C:122FH         LINE#         750
  C:123DH         LINE#         751
  C:1243H         LINE#         752
  C:1259H         LINE#         753
  C:125CH         LINE#         754
  C:126CH         LINE#         755
  C:1281H         LINE#         756
  C:1287H         LINE#         760
  C:128AH         LINE#         762
  C:128AH         LINE#         764
  C:129FH         LINE#         765
  C:12A8H         LINE#         768
  C:12AEH         LINE#         769
BL51 BANKED LINKER/LOCATER V6.22                                                      05/18/2017  17:39:01  PAGE 21


  C:12BBH         LINE#         770
  C:12C9H         LINE#         771
  C:12C9H         LINE#         773
  C:12C9H         LINE#         774
  C:12C9H         LINE#         776
  C:12CBH         LINE#         778
  C:12CBH         LINE#         779
  C:12D6H         LINE#         781
  C:12DFH         LINE#         782
  C:12E5H         LINE#         783
  C:12ECH         LINE#         784
  C:1301H         LINE#         785
  C:1304H         LINE#         786
  C:1307H         LINE#         788
  C:1307H         LINE#         789
  C:1307H         LINE#         790
  C:130AH         LINE#         792
  C:130DH         LINE#         793
  -------         ENDPROC       DEPL_COORD_OBS
  -------         PROC          CHOIX_ROTATION
  C:2EE1H         LINE#         796
  C:2EE1H         LINE#         797
  C:2EE1H         LINE#         798
  C:2EECH         LINE#         799
  C:2EFDH         LINE#         800
  C:2EFDH         LINE#         802
  C:2F0BH         LINE#         803
  C:2F11H         LINE#         804
  C:2F27H         LINE#         805
  C:2F2AH         LINE#         808
  C:2F3AH         LINE#         809
  C:2F4FH         LINE#         810
  C:2F51H         LINE#         811
  C:2F53H         LINE#         812
  C:2F5EH         LINE#         813
  C:2F5EH         LINE#         815
  C:2F6CH         LINE#         816
  C:2F72H         LINE#         817
  C:2F88H         LINE#         818
  C:2F8BH         LINE#         819
  C:2F9BH         LINE#         820
  C:2FAAH         LINE#         821
  C:2FB5H         LINE#         822
  C:2FB6H         LINE#         823
  C:2FC0H         LINE#         824
  C:2FC0H         LINE#         826
  C:2FD2H         LINE#         827
  C:2FD2H         LINE#         828
  C:2FDAH         LINE#         829
  C:2FDFH         LINE#         830
  C:2FDFH         LINE#         831
  C:2FDFH         LINE#         832
  C:2FDFH         LINE#         833
  C:2FE1H         LINE#         834
  C:2FF1H         LINE#         835
  C:2FF1H         LINE#         836
  C:2FFEH         LINE#         837
BL51 BANKED LINKER/LOCATER V6.22                                                      05/18/2017  17:39:01  PAGE 22


  C:300DH         LINE#         838
  C:3013H         LINE#         839
  C:3029H         LINE#         840
  C:302CH         LINE#         841
  C:3033H         LINE#         842
  C:3033H         LINE#         843
  C:3033H         LINE#         844
  -------         ENDPROC       CHOIX_ROTATION
  -------         PROC          LUMIERE
  -------         DO            
  X:0004H         SYMBOL        Int
  X:0005H         SYMBOL        L_ON
  X:0006H         SYMBOL        L_OFF
  X:0007H         SYMBOL        L_Nbr
  -------         ENDDO         
  C:0003H         LINE#         846
  C:0003H         LINE#         847
  C:0003H         LINE#         848
  C:0008H         LINE#         849
  C:000AH         LINE#         850
  C:000CH         LINE#         851
  C:000EH         LINE#         854
  C:0055H         LINE#         856
  C:0067H         LINE#         857
  -------         ENDPROC       LUMIERE
  -------         ENDMOD        PARSEUR

  -------         MODULE        CMD_SERVOMOTEUR
  C:0000H         SYMBOL        _ICE_DUMMY_
  D:0090H         PUBLIC        P1
  D:00A0H         PUBLIC        P2
  X:0417H         PUBLIC        Angle_actuel_V
  D:00B0H         PUBLIC        P3
  D:00E8H         PUBLIC        ADC0CN
  D:00A8H         PUBLIC        IE
  D:00FAH         PUBLIC        PCA0CPH0
  D:00FBH         PUBLIC        PCA0CPH1
  D:00DAH         PUBLIC        PCA0CPM0
  D:00D9H         PUBLIC        PCA0MD
  D:00D8H         PUBLIC        PCA0CN
  D:00DBH         PUBLIC        PCA0CPM1
  D:00B8H         PUBLIC        IP
  D:00C0H         PUBLIC        SMB0CN
  D:00F8H         PUBLIC        SPI0CN
  D:0088H         PUBLIC        TCON
  D:0091H         PUBLIC        TMR3CN
  C:3CE6H         PUBLIC        _tempo_servo
  C:3954H         PUBLIC        Config_PCA0
  D:0098H         PUBLIC        SCON0
  D:00C8H         PUBLIC        T2CON
  C:3412H         PUBLIC        _CMD_Servo_H
  X:0418H         PUBLIC        Angle_actuel_H
  D:00D0H         PUBLIC        PSW
  C:39B8H         PUBLIC        _CMD_Servo_V
  -------         PROC          CONFIG_PCA0
  -------         DO            
  X:0000H         SYMBOL        Temps_angle
BL51 BANKED LINKER/LOCATER V6.22                                                      05/18/2017  17:39:01  PAGE 23


  -------         ENDDO         
  C:3954H         LINE#         42
  C:3954H         LINE#         43
  C:3954H         LINE#         46
  C:3957H         LINE#         47
  C:395AH         LINE#         51
  C:395DH         LINE#         52
  C:3960H         LINE#         56
  C:396AH         LINE#         57
  C:39B2H         LINE#         58
  C:39B4H         LINE#         61
  C:39B7H         LINE#         62
  -------         ENDPROC       CONFIG_PCA0
  -------         PROC          _CMD_SERVO_H
  X:004CH         SYMBOL        Angle
  -------         DO            
  X:004DH         SYMBOL        Temps_angle
  X:0051H         SYMBOL        Temps_Estime
  -------         ENDDO         
  C:3412H         LINE#         65
  C:3417H         LINE#         66
  C:3417H         LINE#         69
  C:3433H         LINE#         76
  C:347BH         LINE#         80
  C:34AFH         LINE#         83
  C:34B7H         LINE#         85
  C:34BFH         LINE#         86
  -------         ENDPROC       _CMD_SERVO_H
  -------         PROC          _CMD_SERVO_V
  X:0400H         SYMBOL        Angle
  -------         DO            
  X:0401H         SYMBOL        Temps_angle
  X:0405H         SYMBOL        Temps_Estime
  -------         ENDDO         
  C:39B8H         LINE#         89
  C:39BDH         LINE#         90
  C:39BDH         LINE#         93
  C:39DBH         LINE#         104
  C:3A06H         LINE#         107
  C:3A0EH         LINE#         109
  C:3A16H         LINE#         110
  -------         ENDPROC       _CMD_SERVO_V
  -------         PROC          _TEMPO_SERVO
  D:0003H         SYMBOL        temps
  -------         DO            
  X:0415H         SYMBOL        c1
  X:0416H         SYMBOL        c2
  -------         ENDDO         
  C:3CE6H         LINE#         112
  C:3CE8H         LINE#         113
  C:3CE8H         LINE#         114
  C:3CF1H         LINE#         115
  C:3CF4H         LINE#         116
  C:3D0BH         LINE#         117
  C:3D0EH         LINE#         118
  C:3D13H         LINE#         119
  -------         ENDPROC       _TEMPO_SERVO
BL51 BANKED LINKER/LOCATER V6.22                                                      05/18/2017  17:39:01  PAGE 24


  -------         ENDMOD        CMD_SERVOMOTEUR

  -------         MODULE        PUTCHAR_GETCHAR
  C:0000H         SYMBOL        _ICE_DUMMY_
  D:0090H         PUBLIC        P1
  D:00A0H         PUBLIC        P2
  D:00B0H         PUBLIC        P3
  D:00E8H         PUBLIC        ADC0CN
  D:00A8H         PUBLIC        IE
  D:00D8H         PUBLIC        PCA0CN
  D:00B8H         PUBLIC        IP
  D:00C0H         PUBLIC        SMB0CN
  D:00F8H         PUBLIC        SPI0CN
  D:0088H         PUBLIC        TCON
  C:3D14H         PUBLIC        _Getchar
  B:0098H.0       PUBLIC        RI0
  B:0098H.1       PUBLIC        TI0
  C:3C4BH         PUBLIC        _Putchar
  D:0099H         PUBLIC        SBUF0
  D:00F2H         PUBLIC        SBUF1
  D:0098H         PUBLIC        SCON0
  D:00F1H         PUBLIC        SCON1
  C:3C82H         PUBLIC        _Send_String
  D:00C8H         PUBLIC        T2CON
  D:00D0H         PUBLIC        PSW
  -------         PROC          _SEND_STRING
  X:02DFH         SYMBOL        choix_uart
  X:02E0H         SYMBOL        char_ptr
  C:3C82H         LINE#         22
  C:3C90H         LINE#         23
  C:3C90H         LINE#         24
  C:3CA1H         LINE#         25
  C:3CA1H         LINE#         26
  C:3CA9H         LINE#         27
  C:3CB3H         LINE#         28
  C:3CB5H         LINE#         30
  -------         ENDPROC       _SEND_STRING
  -------         PROC          _GETCHAR
  D:0007H         SYMBOL        choix_uart
  -------         DO            
  X:011CH         SYMBOL        carac
  -------         ENDDO         
  C:3D14H         LINE#         32
  C:3D14H         LINE#         33
  C:3D14H         LINE#         35
  C:3D17H         LINE#         36
  C:3D17H         LINE#         37
  C:3D1AH         LINE#         38
  C:3D20H         LINE#         39
  C:3D22H         LINE#         40
  C:3D29H         LINE#         41
  C:3D2FH         LINE#         42
  C:3D2FH         LINE#         44
  C:3D2FH         LINE#         45
  C:3D34H         LINE#         46
  C:3D3AH         LINE#         47
  C:3D3DH         LINE#         48
BL51 BANKED LINKER/LOCATER V6.22                                                      05/18/2017  17:39:01  PAGE 25


  C:3D3FH         LINE#         49
  C:3D3FH         LINE#         50
  -------         ENDPROC       _GETCHAR
  -------         PROC          _PUTCHAR
  D:0007H         SYMBOL        choix_uart
  D:0005H         SYMBOL        c
  C:3C4BH         LINE#         52
  C:3C4BH         LINE#         54
  C:3C4EH         LINE#         55
  C:3C4EH         LINE#         56
  C:3C52H         LINE#         57
  C:3C55H         LINE#         58
  C:3C57H         LINE#         59
  C:3C5AH         LINE#         60
  C:3C5AH         LINE#         61
  C:3C5DH         LINE#         62
  C:3C5FH         LINE#         63
  C:3C61H         LINE#         64
  C:3C64H         LINE#         65
  C:3C64H         LINE#         67
  C:3C64H         LINE#         68
  C:3C68H         LINE#         69
  C:3C6DH         LINE#         70
  C:3C70H         LINE#         71
  C:3C73H         LINE#         72
  C:3C73H         LINE#         73
  C:3C78H         LINE#         75
  C:3C7BH         LINE#         76
  C:3C7FH         LINE#         77
  C:3C81H         LINE#         78
  C:3C81H         LINE#         79
  -------         ENDPROC       _PUTCHAR
  -------         ENDMOD        PUTCHAR_GETCHAR

  -------         MODULE        DETEC_OBSTACLE
  C:0000H         SYMBOL        _ICE_DUMMY_
  D:0090H         PUBLIC        P1
  D:00A0H         PUBLIC        P2
  D:00B0H         PUBLIC        P3
  C:404BH         PUBLIC        Timer2_Init_FO_M4
  D:00E7H         PUBLIC        EIE2
  D:00E8H         PUBLIC        ADC0CN
  C:4045H         PUBLIC        FO_M4_init
  D:00A8H         PUBLIC        IE
  C:3FFBH         PUBLIC        Interrupt67_Init_FO_M4
  D:00F7H         PUBLIC        EIP2
  D:00ADH         PUBLIC        P3IF
  D:00D8H         PUBLIC        PCA0CN
  D:00B8H         PUBLIC        IP
  D:00E3H         PUBLIC        XBR2
  C:3EBCH         PUBLIC        Pulse_P33
  C:3ED8H         PUBLIC        Pulse_P34
  D:00C0H         PUBLIC        SMB0CN
  X:0409H         SYMBOL        front
  D:00F8H         PUBLIC        SPI0CN
  C:0096H         PUBLIC        config_P3_FO_M4
  D:0088H         PUBLIC        TCON
BL51 BANKED LINKER/LOCATER V6.22                                                      05/18/2017  17:39:01  PAGE 26


  X:040BH         SYMBOL        interruption
  D:00CDH         PUBLIC        TH2
  X:040DH         PUBLIC        High_Level_Time
  C:3A74H         PUBLIC        MES_Dist_AR
  D:00CCH         PUBLIC        TL2
  C:3A17H         PUBLIC        MES_Dist_AV
  B:00C8H.2       PUBLIC        TR2
  X:040FH         PUBLIC        isHigh
  D:0098H         PUBLIC        SCON0
  D:00C8H         PUBLIC        T2CON
  B:00B0H.3       PUBLIC        P3__3
  B:00B0H.4       PUBLIC        P3__4
  D:00D0H         PUBLIC        PSW
  C:3564H         PUBLIC        ISR__EXT_INT6_FO_M4
  C:3608H         PUBLIC        ISR__EXT_INT7_FO_M4
  -------         PROC          FO_M4_INIT
  C:4045H         LINE#         28
  C:4045H         LINE#         29
  C:4045H         LINE#         31
  C:4048H         LINE#         32
  -------         ENDPROC       FO_M4_INIT
  -------         PROC          CONFIG_P3_FO_M4
  C:0096H         LINE#         38
  C:0096H         LINE#         39
  C:0096H         LINE#         45
  C:0099H         LINE#         47
  -------         ENDPROC       CONFIG_P3_FO_M4
  -------         PROC          TIMER2_INIT_FO_M4
  C:404BH         LINE#         52
  C:404BH         LINE#         53
  C:404BH         LINE#         54
  C:404EH         LINE#         55
  C:4050H         LINE#         56
  -------         ENDPROC       TIMER2_INIT_FO_M4
  -------         PROC          INTERRUPT67_INIT_FO_M4
  C:3FFBH         LINE#         61
  C:3FFBH         LINE#         62
  C:3FFBH         LINE#         63
  C:3FFEH         LINE#         64
  C:4001H         LINE#         65
  C:4004H         LINE#         66
  C:4007H         LINE#         67
  -------         ENDPROC       INTERRUPT67_INIT_FO_M4
  -------         PROC          ISR__EXT_INT6_FO_M4
  C:3564H         LINE#         69
  C:3579H         LINE#         71
  C:358DH         LINE#         72
  C:358DH         LINE#         73
  C:3594H         LINE#         74
  C:3596H         LINE#         75
  C:3599H         LINE#         76
  C:35A1H         LINE#         77
  C:35A1H         LINE#         79
  C:35B7H         LINE#         80
  C:35B7H         LINE#         81
  C:35BEH         LINE#         82
  C:35C0H         LINE#         84
BL51 BANKED LINKER/LOCATER V6.22                                                      05/18/2017  17:39:01  PAGE 27


  C:35D5H         LINE#         85
  C:35D8H         LINE#         86
  C:35DBH         LINE#         88
  C:35DEH         LINE#         89
  C:35E5H         LINE#         90
  C:35EBH         LINE#         91
  C:35EBH         LINE#         92
  C:35F2H         LINE#         93
  C:35F5H         LINE#         94
  -------         ENDPROC       ISR__EXT_INT6_FO_M4
  -------         PROC          ISR__EXT_INT7_FO_M4
  C:3608H         LINE#         96
  C:361DH         LINE#         98
  C:3631H         LINE#         99
  C:3631H         LINE#         100
  C:3638H         LINE#         101
  C:363AH         LINE#         102
  C:363DH         LINE#         103
  C:3645H         LINE#         104
  C:3645H         LINE#         106
  C:365BH         LINE#         107
  C:365BH         LINE#         108
  C:3662H         LINE#         109
  C:3664H         LINE#         111
  C:3679H         LINE#         112
  C:367CH         LINE#         113
  C:367FH         LINE#         115
  C:3682H         LINE#         116
  C:3689H         LINE#         117
  C:368FH         LINE#         118
  C:368FH         LINE#         119
  C:3696H         LINE#         120
  C:3699H         LINE#         121
  -------         ENDPROC       ISR__EXT_INT7_FO_M4
  -------         PROC          MES_DIST_AV
  -------         DO            
  X:004CH         SYMBOL        Distance
  X:004EH         SYMBOL        i
  -------         ENDDO         
  C:3A17H         LINE#         123
  C:3A17H         LINE#         124
  C:3A17H         LINE#         125
  C:3A1EH         LINE#         126
  C:3A22H         LINE#         128
  C:3A25H         LINE#         131
  C:3A31H         LINE#         133
  C:3A5CH         LINE#         134
  C:3A64H         LINE#         135
  C:3A64H         LINE#         136
  C:3A6BH         LINE#         137
  C:3A6BH         LINE#         138
  C:3A73H         LINE#         139
  -------         ENDPROC       MES_DIST_AV
  -------         PROC          MES_DIST_AR
  -------         DO            
  X:004CH         SYMBOL        Distance
  X:004EH         SYMBOL        i
BL51 BANKED LINKER/LOCATER V6.22                                                      05/18/2017  17:39:01  PAGE 28


  -------         ENDDO         
  C:3A74H         LINE#         141
  C:3A74H         LINE#         142
  C:3A74H         LINE#         143
  C:3A7BH         LINE#         144
  C:3A7FH         LINE#         146
  C:3A82H         LINE#         149
  C:3A8EH         LINE#         151
  C:3AB9H         LINE#         152
  C:3AC1H         LINE#         153
  C:3AC1H         LINE#         154
  C:3AC8H         LINE#         155
  C:3AC8H         LINE#         156
  C:3AD0H         LINE#         157
  -------         ENDPROC       MES_DIST_AR
  -------         PROC          PULSE_P33
  -------         DO            
  D:0006H         SYMBOL        i
  -------         ENDDO         
  C:3EBCH         LINE#         160
  C:3EBCH         LINE#         161
  C:3EBCH         LINE#         162
  C:3EBFH         LINE#         163
  C:3EC1H         LINE#         165
  C:3EC1H         LINE#         166
  C:3ECDH         LINE#         168
  C:3ECFH         LINE#         169
  C:3ED7H         LINE#         170
  -------         ENDPROC       PULSE_P33
  -------         PROC          PULSE_P34
  -------         DO            
  D:0006H         SYMBOL        i
  -------         ENDDO         
  C:3ED8H         LINE#         172
  C:3ED8H         LINE#         173
  C:3ED8H         LINE#         174
  C:3EDBH         LINE#         175
  C:3EDDH         LINE#         177
  C:3EDDH         LINE#         178
  C:3EE9H         LINE#         180
  C:3EEBH         LINE#         181
  C:3EF3H         LINE#         182
  -------         ENDPROC       PULSE_P34
  -------         ENDMOD        DETEC_OBSTACLE

  -------         MODULE        CFG_GPIO
  C:0000H         SYMBOL        _ICE_DUMMY_
  D:0090H         PUBLIC        P1
  D:00A0H         PUBLIC        P2
  D:00B0H         PUBLIC        P3
  D:00E8H         PUBLIC        ADC0CN
  D:00A4H         PUBLIC        P0MDOUT
  D:00A8H         PUBLIC        IE
  D:00A7H         PUBLIC        P3MDOUT
  D:00D8H         PUBLIC        PCA0CN
  D:00B8H         PUBLIC        IP
  D:00E1H         PUBLIC        XBR0
BL51 BANKED LINKER/LOCATER V6.22                                                      05/18/2017  17:39:01  PAGE 29


  D:00E2H         PUBLIC        XBR1
  D:00E3H         PUBLIC        XBR2
  D:00C0H         PUBLIC        SMB0CN
  D:00F8H         PUBLIC        SPI0CN
  D:0088H         PUBLIC        TCON
  D:0098H         PUBLIC        SCON0
  D:00C8H         PUBLIC        T2CON
  C:3FEBH         PUBLIC        Config_GPIO
  D:00D0H         PUBLIC        PSW
  -------         PROC          CONFIG_GPIO
  C:3FEBH         LINE#         22
  C:3FEBH         LINE#         23
  C:3FEBH         LINE#         24
  C:3FEEH         LINE#         25
  C:3FF1H         LINE#         26
  C:3FF4H         LINE#         28
  C:3FF7H         LINE#         29
  C:3FFAH         LINE#         31
  -------         ENDPROC       CONFIG_GPIO
  -------         ENDMOD        CFG_GPIO

  -------         MODULE        CFG_TIMER1
  C:0000H         SYMBOL        _ICE_DUMMY_
  D:00E8H         PUBLIC        ADC0CN
  D:00A8H         PUBLIC        IE
  D:00D8H         PUBLIC        PCA0CN
  D:00B8H         PUBLIC        IP
  D:00C0H         PUBLIC        SMB0CN
  D:00F8H         PUBLIC        SPI0CN
  D:0089H         PUBLIC        TMOD
  D:0088H         PUBLIC        TCON
  B:00A8H.3       PUBLIC        ET1
  B:0088H.7       PUBLIC        TF1
  D:008DH         PUBLIC        TH1
  D:008BH         PUBLIC        TL1
  B:0088H.6       PUBLIC        TR1
  D:0098H         PUBLIC        SCON0
  D:00C8H         PUBLIC        T2CON
  C:3F59H         PUBLIC        Config_Timer1
  D:008EH         PUBLIC        CKCON
  D:00D0H         PUBLIC        PSW
  -------         PROC          CONFIG_TIMER1
  C:3F59H         LINE#         29
  C:3F59H         LINE#         30
  C:3F59H         LINE#         31
  C:3F5CH         LINE#         33
  C:3F5EH         LINE#         34
  C:3F61H         LINE#         35
  C:3F64H         LINE#         37
  C:3F67H         LINE#         38
  C:3F6AH         LINE#         40
  C:3F6CH         LINE#         41
  C:3F6EH         LINE#         42
  -------         ENDPROC       CONFIG_TIMER1
  -------         ENDMOD        CFG_TIMER1

  -------         MODULE        CFG_UART0
BL51 BANKED LINKER/LOCATER V6.22                                                      05/18/2017  17:39:01  PAGE 30


  C:0000H         SYMBOL        _ICE_DUMMY_
  D:0090H         PUBLIC        P1
  D:00A0H         PUBLIC        P2
  D:00B0H         PUBLIC        P3
  D:00E8H         PUBLIC        ADC0CN
  D:00A8H         PUBLIC        IE
  D:00D8H         PUBLIC        PCA0CN
  D:00B8H         PUBLIC        IP
  D:00C0H         PUBLIC        SMB0CN
  C:3F6FH         PUBLIC        Config_UART0
  D:00F8H         PUBLIC        SPI0CN
  D:0087H         PUBLIC        PCON
  D:0088H         PUBLIC        TCON
  B:0098H.1       PUBLIC        TI0
  B:00C8H.5       PUBLIC        RCLK0
  B:00C8H.4       PUBLIC        TCLK0
  D:0098H         PUBLIC        SCON0
  D:00C8H         PUBLIC        T2CON
  D:00D0H         PUBLIC        PSW
  -------         PROC          CONFIG_UART0
  C:3F6FH         LINE#         23
  C:3F6FH         LINE#         24
  C:3F6FH         LINE#         26
  C:3F71H         LINE#         27
  C:3F73H         LINE#         28
  C:3F76H         LINE#         31
  C:3F79H         LINE#         32
  C:3F7CH         LINE#         33
  C:3F7FH         LINE#         34
  C:3F82H         LINE#         35
  C:3F84H         LINE#         36
  -------         ENDPROC       CONFIG_UART0
  -------         ENDMOD        CFG_UART0

  -------         MODULE        CFG_SPI_MASTER
  C:0000H         SYMBOL        _ICE_DUMMY_
  D:009DH         PUBLIC        SPI0CKR
  B:00F8H.0       PUBLIC        SPIEN
  D:0090H         PUBLIC        P1
  D:00A0H         PUBLIC        P2
  D:00B0H         PUBLIC        P3
  B:00F8H.1       PUBLIC        MSTEN
  D:00E8H         PUBLIC        ADC0CN
  D:00A8H         PUBLIC        IE
  D:00D8H         PUBLIC        PCA0CN
  C:3FD9H         PUBLIC        config_spi_master
  D:00B8H         PUBLIC        IP
  D:00C0H         PUBLIC        SMB0CN
  D:00F8H         PUBLIC        SPI0CN
  B:00F8H.7       PUBLIC        SPIF
  D:0088H         PUBLIC        TCON
  D:0098H         PUBLIC        SCON0
  D:00C8H         PUBLIC        T2CON
  D:009AH         PUBLIC        SPI0CFG
  B:00B0H.5       PUBLIC        P3__5
  D:00D0H         PUBLIC        PSW
  -------         PROC          CONFIG_SPI_MASTER
BL51 BANKED LINKER/LOCATER V6.22                                                      05/18/2017  17:39:01  PAGE 31


  C:3FD9H         LINE#         16
  C:3FD9H         LINE#         17
  C:3FD9H         LINE#         18
  C:3FDCH         LINE#         19
  C:3FDFH         LINE#         20
  C:3FE1H         LINE#         21
  C:3FE3H         LINE#         22
  C:3FE6H         LINE#         23
  C:3FE8H         LINE#         25
  C:3FEAH         LINE#         26
  -------         ENDPROC       CONFIG_SPI_MASTER
  -------         ENDMOD        CFG_SPI_MASTER

  -------         MODULE        SPI_MASTER
  C:0000H         SYMBOL        _ICE_DUMMY_
  D:0090H         PUBLIC        P1
  D:00A0H         PUBLIC        P2
  D:00B0H         PUBLIC        P3
  D:00E8H         PUBLIC        ADC0CN
  D:00A8H         PUBLIC        IE
  D:00D8H         PUBLIC        PCA0CN
  D:00B8H         PUBLIC        IP
  B:00F8H.3       PUBLIC        TXBSY
  C:3AD1H         PUBLIC        _envoi_trame
  D:00C0H         PUBLIC        SMB0CN
  C:3D93H         PUBLIC        _putchar_spi
  D:00F8H         PUBLIC        SPI0CN
  B:00F8H.7       PUBLIC        SPIF
  D:0088H         PUBLIC        TCON
  B:00F8H.6       PUBLIC        WCOL
  D:0098H         PUBLIC        SCON0
  D:00C8H         PUBLIC        T2CON
  B:00B0H.5       PUBLIC        P3__5
  D:009BH         PUBLIC        SPI0DAT
  D:00D0H         PUBLIC        PSW
  -------         PROC          _PUTCHAR_SPI
  D:0007H         SYMBOL        c
  -------         DO            
  D:0004H         SYMBOL        i
  -------         ENDDO         
  C:3D93H         LINE#         27
  C:3D93H         LINE#         28
  C:3D93H         LINE#         29
  C:3D96H         LINE#         30
  C:3D99H         LINE#         31
  C:3D9BH         LINE#         33
  C:3D9DH         LINE#         34
  C:3D9EH         LINE#         35
  C:3D9FH         LINE#         37
  C:3DA1H         LINE#         38
  C:3DA4H         LINE#         40
  C:3DA7H         LINE#         41
  C:3DA9H         LINE#         43
  C:3DABH         LINE#         44
  C:3DB9H         LINE#         45
  C:3DB9H         LINE#         46
  -------         ENDPROC       _PUTCHAR_SPI
BL51 BANKED LINKER/LOCATER V6.22                                                      05/18/2017  17:39:01  PAGE 32


  -------         PROC          _ENVOI_TRAME
  D:0001H         SYMBOL        trame
  X:0015H         SYMBOL        taille
  -------         DO            
  X:0017H         SYMBOL        i
  -------         ENDDO         
  C:3AD1H         LINE#         48
  C:3AD9H         LINE#         49
  C:3AD9H         LINE#         50
  C:3ADEH         LINE#         53
  C:3AE3H         LINE#         54
  C:3AE8H         LINE#         56
  C:3B03H         LINE#         57
  C:3B03H         LINE#         58
  C:3B0DH         LINE#         59
  C:3B1BH         LINE#         60
  C:3B22H         LINE#         61
  C:3B24H         LINE#         64
  C:3B29H         LINE#         65
  -------         ENDPROC       _ENVOI_TRAME
  -------         ENDMOD        SPI_MASTER

  -------         MODULE        BSSCANF
  C:0000H         SYMBOL        _ICE_DUMMY_
  C:3B2EH         PUBLIC        _puissance
  C:179BH         PUBLIC        _bsscanf
  -------         PROC          _PUISSANCE
  X:0411H         SYMBOL        nombre
  X:0413H         SYMBOL        exposant
  -------         DO            
  D:0002H         SYMBOL        i
  -------         ENDDO         
  C:3B2EH         LINE#         6
  C:3B3CH         LINE#         7
  C:3B3CH         LINE#         8
  C:3B3CH         LINE#         10
  C:3B3FH         LINE#         11
  C:3B43H         LINE#         13
  C:3B5AH         LINE#         14
  C:3B5AH         LINE#         15
  C:3B70H         LINE#         16
  C:3B77H         LINE#         17
  C:3B7FH         LINE#         18
  -------         ENDPROC       _PUISSANCE
  -------         PROC          _BSSCANF
  D:0001H         SYMBOL        stream
  X:03E9H         SYMBOL        format
  X:03ECH         SYMBOL        args
  -------         DO            
  X:03EFH         SYMBOL        nbArgLu
  X:03F1H         SYMBOL        compteurNombre
  X:03F3H         SYMBOL        produit
  X:03F5H         SYMBOL        indiceChaine
  X:03F7H         SYMBOL        iStream
  X:03FAH         SYMBOL        iFormat
  X:03FDH         SYMBOL        iArgs
  -------         ENDDO         
BL51 BANKED LINKER/LOCATER V6.22                                                      05/18/2017  17:39:01  PAGE 33


  C:179BH         LINE#         234
  C:179BH         LINE#         235
  C:179BH         LINE#         237
  C:17A2H         LINE#         238
  C:17A6H         LINE#         239
  C:17ABH         LINE#         240
  C:17B0H         LINE#         242
  C:17B9H         LINE#         243
  C:17CEH         LINE#         244
  C:17E3H         LINE#         253
  C:17F6H         LINE#         254
  C:17F6H         LINE#         256
  C:17FAH         LINE#         257
  C:17FAH         LINE#         260
  C:181AH         LINE#         261
  C:181AH         LINE#         262
  C:1824H         LINE#         264
  C:1834H         LINE#         265
  C:1837H         LINE#         266
  C:1837H         LINE#         267
  C:1841H         LINE#         269
  C:1844H         LINE#         272
  C:1844H         LINE#         274
  C:184EH         LINE#         276
  C:187CH         LINE#         277
  C:187CH         LINE#         278
  C:187CH         LINE#         280
  C:189DH         LINE#         281
  C:18A7H         LINE#         282
  C:18B5H         LINE#         283
  C:18B8H         LINE#         285
  C:18B8H         LINE#         287
  C:18CAH         LINE#         288
  C:18D6H         LINE#         289
  C:18E8H         LINE#         290
  C:18F2H         LINE#         291
  C:1900H         LINE#         292
  C:1903H         LINE#         295
  C:1903H         LINE#         297
  C:1914H         LINE#         298
  C:1920H         LINE#         299
  C:1936H         LINE#         300
  C:1936H         LINE#         301
  C:1953H         LINE#         303
  C:195DH         LINE#         304
  C:196BH         LINE#         305
  C:196DH         LINE#         306
  C:198AH         LINE#         307
  C:1994H         LINE#         308
  C:19A2H         LINE#         309
  C:19A6H         LINE#         311
  C:19A9H         LINE#         313
  C:19A9H         LINE#         317
  C:19C7H         LINE#         318
  C:19D3H         LINE#         319
  C:19F1H         LINE#         320
  C:19F1H         LINE#         323
BL51 BANKED LINKER/LOCATER V6.22                                                      05/18/2017  17:39:01  PAGE 34


[...]


  C:1FA1H         LINE#         65
  C:1FA4H         LINE#         67
  C:1FA4H         LINE#         68
  C:1FB0H         LINE#         69
  C:1FB3H         LINE#         71
  C:1FB3H         LINE#         72
  C:1FDBH         LINE#         73
  C:1FDDH         LINE#         74
  C:1FDDH         LINE#         75
  C:2005H         LINE#         76
  C:2007H         LINE#         77
  C:2007H         LINE#         78
  C:2050H         LINE#         79
  C:2052H         LINE#         81
  C:2052H         LINE#         82
  C:20A5H         LINE#         83
  C:20A7H         LINE#         85
  C:20A7H         LINE#         86
  C:20B3H         LINE#         87
  C:20B5H         LINE#         89
  C:20B5H         LINE#         90
  C:20C1H         LINE#         91
  C:20C3H         LINE#         93
  C:20C3H         LINE#         94
  C:20CFH         LINE#         95
  C:20D1H         LINE#         97
  C:20D1H         LINE#         98
  C:20DDH         LINE#         99
  C:20DFH         LINE#         101
  C:20DFH         LINE#         102
  C:20EBH         LINE#         103
  C:20EDH         LINE#         105
  C:20EDH         LINE#         106
  C:20FCH         LINE#         107
  C:20FCH         LINE#         109
  C:20FCH         LINE#         110
  C:20FCH         LINE#         111
  C:20FCH         LINE#         112
  C:2102H         LINE#         113
  -------         ENDPROC       ENCODE
  -------         PROC          GETREPONSE
  -------         DO            
  X:00FDH         SYMBOL        reponse
  D:0007H         SYMBOL        carac
  X:011BH         SYMBOL        i
  -------         ENDDO         
  C:3CB6H         LINE#         115
  C:3CB6H         LINE#         116
  C:3CB6H         LINE#         119
  C:3CBBH         LINE#         121
  C:3CBBH         LINE#         122
  C:3CC0H         LINE#         123
  C:3CD5H         LINE#         124
  C:3CDBH         LINE#         125
  C:3CDFH         LINE#         126
  C:3CE5H         LINE#         127
  -------         ENDPROC       GETREPONSE
BL51 BANKED LINKER/LOCATER V6.22                                                      05/18/2017  17:39:01  PAGE 40


  -------         PROC          _DECODE
  X:00FDH         SYMBOL        reponse
  -------         DO            
  X:0100H         SYMBOL        info
  -------         ENDDO         
  C:2D49H         LINE#         129
  C:2D54H         LINE#         130
  C:2D54H         LINE#         133
  C:2D82H         LINE#         134
  C:2D82H         LINE#         135
  C:2D82H         LINE#         136
  C:2D88H         LINE#         137
  C:2DA1H         LINE#         138
  C:2DA4H         LINE#         139
  C:2DA4H         LINE#         140
  C:2DAAH         LINE#         141
  C:2DC3H         LINE#         142
  C:2DC6H         LINE#         143
  C:2DC6H         LINE#         144
  C:2DCCH         LINE#         145
  C:2DF1H         LINE#         146
  C:2DF4H         LINE#         148
  C:2DF4H         LINE#         149
  C:2DFAH         LINE#         150
  C:2E37H         LINE#         151
  C:2E3AH         LINE#         153
  C:2E3AH         LINE#         154
  C:2E40H         LINE#         155
  C:2E7DH         LINE#         156
  C:2E7FH         LINE#         158
  C:2E7FH         LINE#         159
  C:2E85H         LINE#         160
  C:2E9EH         LINE#         161
  C:2EA0H         LINE#         163
  C:2EA0H         LINE#         164
  C:2EA6H         LINE#         165
  C:2EDAH         LINE#         166
  C:2EDAH         LINE#         167
  C:2EDAH         LINE#         168
  C:2EE0H         LINE#         169
  -------         ENDPROC       _DECODE
  -------         PROC          L?0092
  -------         ENDPROC       L?0092
  -------         PROC          ENVOYERSTRUCT
  X:00BCH         SYMBOL        c
  -------         DO            
  X:00CBH         SYMBOL        reponse
  X:00E9H         SYMBOL        i
  X:00EBH         SYMBOL        info
  -------         ENDDO         
  C:38E2H         LINE#         171
  C:38E2H         LINE#         172
  C:38E2H         LINE#         174
  C:38E9H         LINE#         176
  C:38F1H         LINE#         177
  C:390CH         LINE#         179
  C:3918H         LINE#         180
BL51 BANKED LINKER/LOCATER V6.22                                                      05/18/2017  17:39:01  PAGE 41


  C:392AH         LINE#         181
  C:392AH         LINE#         182
  C:3940H         LINE#         183
  C:3942H         LINE#         185
  C:3942H         LINE#         186
  C:394DH         LINE#         187
  C:394DH         LINE#         189
  C:3953H         LINE#         190
  -------         ENDPROC       ENVOYERSTRUCT
  -------         PROC          PIDS
  -------         DO            
  X:000AH         SYMBOL        commandeSerializer
  X:0019H         SYMBOL        info
  -------         ENDDO         
  C:3DBAH         LINE#         192
  C:3DBAH         LINE#         193
  C:3DBAH         LINE#         199
  C:3DC0H         LINE#         200
  C:3DC2H         LINE#         204
  C:3DCAH         LINE#         205
  C:3DCAH         LINE#         206
  C:3DDEH         LINE#         209
  C:3DE0H         LINE#         211
  -------         ENDPROC       PIDS
  -------         PROC          MOUVEMENT
  X:007FH         SYMBOL        commande
  -------         DO            
  X:009BH         SYMBOL        info
  X:00ADH         SYMBOL        commandeSerializer
  -------         ENDDO         
  C:29BDH         LINE#         213
  C:29BDH         LINE#         214
  C:29BDH         LINE#         218
  C:29F6H         LINE#         219
  C:29F6H         LINE#         221
  C:29F6H         LINE#         222
  C:29FCH         LINE#         223
  C:2A00H         LINE#         224
  C:2A00H         LINE#         225
  C:2A02H         LINE#         226
  C:2A02H         LINE#         227
  C:2A08H         LINE#         228
  C:2A12H         LINE#         229
  C:2A16H         LINE#         230
  C:2A19H         LINE#         232
  C:2A19H         LINE#         233
  C:2A1FH         LINE#         234
  C:2A22H         LINE#         236
  C:2A22H         LINE#         237
  C:2A28H         LINE#         238
  C:2A2EH         LINE#         239
  C:2A32H         LINE#         240
  C:2A3CH         LINE#         241
  C:2A46H         LINE#         242
  C:2A49H         LINE#         243
  C:2A49H         LINE#         244
  C:2A4FH         LINE#         245
BL51 BANKED LINKER/LOCATER V6.22                                                      05/18/2017  17:39:01  PAGE 42


  C:2A55H         LINE#         246
  C:2A59H         LINE#         247
  C:2A63H         LINE#         248
  C:2A6DH         LINE#         249
  C:2A70H         LINE#         251
  C:2A70H         LINE#         252
  C:2A76H         LINE#         253
  C:2A7CH         LINE#         254
  C:2A80H         LINE#         255
  C:2A8AH         LINE#         256
  C:2A94H         LINE#         257
  C:2A97H         LINE#         258
  C:2A97H         LINE#         259
  C:2A9DH         LINE#         260
  C:2AA3H         LINE#         261
  C:2AA7H         LINE#         262
  C:2AB1H         LINE#         263
  C:2ABBH         LINE#         264
  C:2ABEH         LINE#         266
  C:2ABEH         LINE#         267
  C:2AC4H         LINE#         268
  C:2ACAH         LINE#         269
  C:2ACEH         LINE#         270
  C:2AF5H         LINE#         271
  C:2AFEH         LINE#         272
  C:2B00H         LINE#         273
  C:2B00H         LINE#         274
  C:2B06H         LINE#         275
  C:2B0CH         LINE#         276
  C:2B10H         LINE#         277
  C:2B31H         LINE#         278
  C:2B50H         LINE#         279
  C:2B52H         LINE#         281
  C:2B52H         LINE#         282
  C:2B58H         LINE#         283
  C:2B60H         LINE#         284
  C:2B64H         LINE#         285
  C:2B7AH         LINE#         286
  C:2B82H         LINE#         287
  C:2B82H         LINE#         289
  C:2B82H         LINE#         290
  C:2B82H         LINE#         291
  C:2B82H         LINE#         293
  -------         ENDPROC       MOUVEMENT
  -------         ENDMOD        ENCODAGEM2

  -------         MODULE        MAIN
  C:0000H         SYMBOL        _ICE_DUMMY_
  D:00FFH         PUBLIC        WDTCN
  B:00A8H.7       PUBLIC        EA
  D:00E8H         PUBLIC        ADC0CN
  D:00A5H         PUBLIC        P1MDOUT
  D:00A8H         PUBLIC        IE
  C:4008H         PUBLIC        Port_IO_Init
  D:00D8H         PUBLIC        PCA0CN
  D:00B8H         PUBLIC        IP
  D:00E1H         PUBLIC        XBR0
BL51 BANKED LINKER/LOCATER V6.22                                                      05/18/2017  17:39:01  PAGE 43


  D:00E2H         PUBLIC        XBR1
  D:00E3H         PUBLIC        XBR2
  D:00C0H         PUBLIC        SMB0CN
  C:006AH         PUBLIC        main
  C:3F10H         PUBLIC        CFG_Sysclk
  D:00F8H         PUBLIC        SPI0CN
  D:0088H         PUBLIC        TCON
  D:00B2H         PUBLIC        OSCICN
  C:3DE1H         PUBLIC        Init_Device
  D:00B1H         PUBLIC        OSCXCN
  D:0098H         PUBLIC        SCON0
  D:00C8H         PUBLIC        T2CON
  D:00D0H         PUBLIC        PSW
  C:4021H         PUBLIC        Reset_Init
  -------         PROC          RESET_INIT
  C:4021H         LINE#         23
  C:4021H         LINE#         24
  C:4021H         LINE#         25
  C:4023H         LINE#         26
  C:4026H         LINE#         27
  C:4029H         LINE#         28
  C:402BH         LINE#         29
  -------         ENDPROC       RESET_INIT
  -------         PROC          CFG_SYSCLK
  -------         DO            
  D:0006H         SYMBOL        i
  -------         ENDDO         
  C:3F10H         LINE#         31
  C:3F10H         LINE#         32
  C:3F10H         LINE#         34
  C:3F13H         LINE#         35
  C:3F21H         LINE#         36
  C:3F26H         LINE#         37
  C:3F29H         LINE#         38
  -------         ENDPROC       CFG_SYSCLK
  -------         PROC          PORT_IO_INIT
  C:4008H         LINE#         40
  C:4008H         LINE#         41
  C:4008H         LINE#         42
  C:400BH         LINE#         43
  C:400EH         LINE#         45
  C:4011H         LINE#         46
  C:4014H         LINE#         48
  -------         ENDPROC       PORT_IO_INIT
  -------         PROC          INIT_DEVICE
  C:3DE1H         LINE#         50
  C:3DE1H         LINE#         51
  C:3DE1H         LINE#         52
  C:3DE4H         LINE#         54
  C:3DE7H         LINE#         55
  C:3DEAH         LINE#         56
  C:3DEDH         LINE#         57
  C:3DF0H         LINE#         59
  C:3DF3H         LINE#         61
  C:3DF6H         LINE#         62
  C:3DF9H         LINE#         63
  C:3DFCH         LINE#         64
BL51 BANKED LINKER/LOCATER V6.22                                                      05/18/2017  17:39:01  PAGE 44


  C:3DFFH         LINE#         65
  C:3E02H         LINE#         66
  C:3E05H         LINE#         68
  -------         ENDPROC       INIT_DEVICE
  -------         PROC          MAIN
  C:006AH         LINE#         74
  C:006AH         LINE#         75
  C:006AH         LINE#         77
  C:006DH         LINE#         79
  C:006DH         LINE#         80
  C:006DH         LINE#         84
  C:0070H         LINE#         86
  -------         ENDPROC       MAIN
  -------         ENDMOD        MAIN

  -------         MODULE        ?C?FPMUL
  C:009EH         PUBLIC        ?C?FPMUL
  -------         ENDMOD        ?C?FPMUL

  -------         MODULE        ?C?FPDIV
  C:01A7H         PUBLIC        ?C?FPDIV
  -------         ENDMOD        ?C?FPDIV

  -------         MODULE        ?C?FCAST
  C:024EH         PUBLIC        ?C?FCASTC
  C:0249H         PUBLIC        ?C?FCASTI
  C:0244H         PUBLIC        ?C?FCASTL
  -------         ENDMOD        ?C?FCAST

  -------         MODULE        ?C?CASTF
  C:0282H         PUBLIC        ?C?CASTF
  -------         ENDMOD        ?C?CASTF

  -------         MODULE        PRINTF
  X:02DFH         PUBLIC        ?_PRINTF?BYTE
  X:02DFH         PUBLIC        ?_SPRINTF?BYTE
  C:1383H         PUBLIC        _PRINTF
  C:137DH         PUBLIC        _SPRINTF
  -------         ENDMOD        PRINTF

  -------         MODULE        SCANF
  X:0112H         PUBLIC        ?_SCANF?BYTE
  X:0112H         PUBLIC        ?_SSCANF?BYTE
  C:1BABH         PUBLIC        _SCANF
  C:1BA7H         PUBLIC        _SSCANF
  -------         ENDMOD        SCANF

  -------         MODULE        ?C?FPROUND
  C:0303H         PUBLIC        ?C?FPROUND
  -------         ENDMOD        ?C?FPROUND

  -------         MODULE        ?C?FPCONVERT
  C:0340H         PUBLIC        ?C?FPCONVERT
  -------         ENDMOD        ?C?FPCONVERT

  -------         MODULE        ?C?FPADD
  C:044CH         PUBLIC        ?C?FPADD
BL51 BANKED LINKER/LOCATER V6.22                                                      05/18/2017  17:39:01  PAGE 45


  C:0448H         PUBLIC        ?C?FPSUB
  -------         ENDMOD        ?C?FPADD

  -------         MODULE        ?C?FPNEG
  C:053DH         PUBLIC        ?C?FPNEG
  -------         ENDMOD        ?C?FPNEG

  -------         MODULE        ?C?FTNPWR
  C:057EH         PUBLIC        ?C?FTNPWR
  -------         ENDMOD        ?C?FTNPWR

  -------         MODULE        ?C?COPY
  C:068EH         PUBLIC        ?C?COPY
  -------         ENDMOD        ?C?COPY

  -------         MODULE        ?C?CLDPTR
  C:06B4H         PUBLIC        ?C?CLDPTR
  -------         ENDMOD        ?C?CLDPTR

  -------         MODULE        ?C?CLDOPTR
  C:06CDH         PUBLIC        ?C?CLDOPTR
  -------         ENDMOD        ?C?CLDOPTR

  -------         MODULE        ?C?CILDPTR
  C:06FAH         PUBLIC        ?C?CILDPTR
  -------         ENDMOD        ?C?CILDPTR

  -------         MODULE        ?C?CSTPTR
  C:071CH         PUBLIC        ?C?CSTPTR
  -------         ENDMOD        ?C?CSTPTR

  -------         MODULE        ?C?CSTOPTR
  C:072EH         PUBLIC        ?C?CSTOPTR
  -------         ENDMOD        ?C?CSTOPTR

  -------         MODULE        ?C?IMUL
  C:0750H         PUBLIC        ?C?IMUL
  -------         ENDMOD        ?C?IMUL

  -------         MODULE        ?C?UIDIV
  C:0762H         PUBLIC        ?C?UIDIV
  -------         ENDMOD        ?C?UIDIV

  -------         MODULE        ?C?SIDIV
  C:07B7H         PUBLIC        ?C?SIDIV
  -------         ENDMOD        ?C?SIDIV

  -------         MODULE        ?C?IILDX
  C:07EDH         PUBLIC        ?C?IILDX
  -------         ENDMOD        ?C?IILDX

  -------         MODULE        ?C?ILDOPTR
  C:0803H         PUBLIC        ?C?ILDOPTR
  -------         ENDMOD        ?C?ILDOPTR

  -------         MODULE        ?C?ISTPTR
  C:083BH         PUBLIC        ?C?ISTPTR
BL51 BANKED LINKER/LOCATER V6.22                                                      05/18/2017  17:39:01  PAGE 46


  -------         ENDMOD        ?C?ISTPTR

  -------         MODULE        ?C?ISTOPTR
  C:085AH         PUBLIC        ?C?ISTOPTR
  -------         ENDMOD        ?C?ISTOPTR

  -------         MODULE        ?C?LMUL
  C:0887H         PUBLIC        ?C?LMUL
  -------         ENDMOD        ?C?LMUL

  -------         MODULE        ?C?SLDIV
  C:3BCBH         PUBLIC        ?C?SLDIV
  -------         ENDMOD        ?C?SLDIV

  -------         MODULE        ?C?LNEG
  C:08D6H         PUBLIC        ?C?LNEG
  -------         ENDMOD        ?C?LNEG

  -------         MODULE        ?C?SLSHR
  C:08E4H         PUBLIC        ?C?SLSHR
  -------         ENDMOD        ?C?SLSHR

  -------         MODULE        ?C?LSTPTR
  C:08F8H         PUBLIC        ?C?LSTPTR
  -------         ENDMOD        ?C?LSTPTR

  -------         MODULE        ?C?LSTXDATA
  C:0912H         PUBLIC        ?C?LSTXDATA
  -------         ENDMOD        ?C?LSTXDATA

  -------         MODULE        ?C?LSTKXDATA
  C:091EH         PUBLIC        ?C?LSTKXDATA
  -------         ENDMOD        ?C?LSTKXDATA

  -------         MODULE        ?C?PLDXDATA
  C:094FH         PUBLIC        ?C?PLDXDATA
  -------         ENDMOD        ?C?PLDXDATA

  -------         MODULE        ?C?PLDIXDATA
  C:0958H         PUBLIC        ?C?PLDIXDATA
  -------         ENDMOD        ?C?PLDIXDATA

  -------         MODULE        ?C?PILDXDATA
  C:096FH         PUBLIC        ?C?PILDXDATA
  -------         ENDMOD        ?C?PILDXDATA

  -------         MODULE        ?C?PSTXDATA
  C:0986H         PUBLIC        ?C?PSTXDATA
  -------         ENDMOD        ?C?PSTXDATA

  -------         MODULE        ?C?PLDPTR
  C:098FH         PUBLIC        ?C?PLDPTR
  -------         ENDMOD        ?C?PLDPTR

  -------         MODULE        ?C?CCASE
  C:09AFH         PUBLIC        ?C?CCASE
  -------         ENDMOD        ?C?CCASE
BL51 BANKED LINKER/LOCATER V6.22                                                      05/18/2017  17:39:01  PAGE 47



  -------         MODULE        GETCHAR
  B:0021H.3       PUBLIC        ?C?CHARLOADED
  X:041BH         PUBLIC        ?_UNGETCHAR?BYTE
  C:3FB1H         PUBLIC        GETCHAR
  -------         ENDMOD        GETCHAR

  -------         MODULE        UNGETC
  C:4036H         PUBLIC        _UNGETCHAR
  -------         ENDMOD        UNGETC

  -------         MODULE        ISSPACE
  C:3FC5H         PUBLIC        _isspace
  -------         ENDMOD        ISSPACE

  -------         MODULE        ABS
  C:4015H         PUBLIC        _ABS
  -------         ENDMOD        ABS

  -------         MODULE        ?C?STRCMP
  C:0B53H         PUBLIC        ?C?STRCMP
  -------         ENDMOD        ?C?STRCMP

  -------         MODULE        ?C?STRCPY
  C:0C3CH         PUBLIC        ?C?STRCPY
  -------         ENDMOD        ?C?STRCPY

  -------         MODULE        ?C?ULDIV
  C:0C95H         PUBLIC        ?C?ULDIV
  -------         ENDMOD        ?C?ULDIV

  -------         MODULE        ?C?LSTIDATA
  C:0D27H         PUBLIC        ?C?LSTIDATA
  -------         ENDMOD        ?C?LSTIDATA

  -------         MODULE        ?C?LSTPDATA
  C:0D33H         PUBLIC        ?C?LSTPDATA
  -------         ENDMOD        ?C?LSTPDATA

  -------         MODULE        ?C?PLDIDATA
  C:0D3FH         PUBLIC        ?C?PLDIDATA
  -------         ENDMOD        ?C?PLDIDATA

  -------         MODULE        ?C?PLDPDATA
  C:0D48H         PUBLIC        ?C?PLDPDATA
  -------         ENDMOD        ?C?PLDPDATA

  -------         MODULE        ?C?PLDCODE
  C:0D51H         PUBLIC        ?C?PLDCODE
  -------         ENDMOD        ?C?PLDCODE

  -------         MODULE        _GETKEY
  C:402CH         PUBLIC        _GETKEY
  -------         ENDMOD        _GETKEY

*** WARNING L16: UNCALLED SEGMENT, IGNORED FOR OVERLAY PROCESS
    SEGMENT: ?PR?DEPL_COORD_OBS?PARSEUR
BL51 BANKED LINKER/LOCATER V6.22                                                      05/18/2017  17:39:01  PAGE 48



*** WARNING L16: UNCALLED SEGMENT, IGNORED FOR OVERLAY PROCESS
    SEGMENT: ?PR?_CMD_SERVO_V?CMD_SERVOMOTEUR

*** WARNING L16: UNCALLED SEGMENT, IGNORED FOR OVERLAY PROCESS
    SEGMENT: ?PR?_TEMPO_SERVO?CMD_SERVOMOTEUR

*** WARNING L16: UNCALLED SEGMENT, IGNORED FOR OVERLAY PROCESS
    SEGMENT: ?PR?CONFIG_P3_FO_M4?DETEC_OBSTACLE

*** WARNING L16: UNCALLED SEGMENT, IGNORED FOR OVERLAY PROCESS
    SEGMENT: ?PR?_BSSCANF?BSSCANF

Program Size: data=21.4 xdata=1052 code=16463
LINK/LOCATE RUN COMPLETE.  5 WARNING(S),  0 ERROR(S)
